2025-10-29 04:14.28 [debug    ] Logging configured             extract_root=. pid=122257 vebosity_level=0
2025-10-29 04:14.28 [info     ] Start processing file          file=update.no_header.image pid=122257
2025-10-29 04:14.28 [debug    ] Setting up signal handlers     original_signal_handlers={<Signals.SIGINT: 2>: <built-in function default_int_handler>, <Signals.SIGTERM: 15>: <Handlers.SIG_DFL: 0>} pid=122257
2025-10-29 04:14.28 [debug    ] Detected file-magic            magic=Linux rev 0.0 ext2 filesystem data, UUID=00000000-0000-0000-0000-000000000000, volume name "linux"\012- data path=update.no_header.image pid=122258
2025-10-29 04:14.28 [debug    ] Processing file                path=update.no_header.image pid=122258 size=0x2000000
2025-10-29 04:14.28 [debug    ] Calculating chunk for pattern match handler=extfs pid=122258 real_offset=0x0 start_offset=0x438
2025-10-29 04:14.28 [debug    ] Found valid chunk              chunk=0x0-0x2000000 handler=extfs pid=122258
2025-10-29 04:14.28 [debug    ] Ended searching for chunks     all_chunks=[0x0-0x2000000] pid=122258
2025-10-29 04:14.28 [debug    ] Removed inner chunks           outer_chunk_count=1 pid=122258 removed_inner_chunk_count=0
2025-10-29 04:14.28 [debug    ] Running extract command        command=debugfs -R 'rdump / "/home/danielsokil/Lab/HashSource/hashsource_antminer_S21x/bitmain_firmware/Antminer-S21+Hyd.-release-202510161121/update.no_header.image_extract"' /home/danielsokil/Lab/HashSource/hashsource_antminer_S21x/bitmain_firmware/Antminer-S21+Hyd.-release-202510161121/update.no_header.image pid=122258
2025-10-29 04:14.28 [debug    ] Processing directory           path=update.no_header.image_extract pid=122259
2025-10-29 04:14.28 [debug    ] Processing directory           path=update.no_header.image_extract/sbin pid=122260
2025-10-29 04:14.28 [debug    ] Processing directory           path=update.no_header.image_extract/proc pid=122261
2025-10-29 04:14.28 [debug    ] Processing directory           path=update.no_header.image_extract/lib pid=122263
2025-10-29 04:14.28 [debug    ] Processing directory           path=update.no_header.image_extract/lost+found pid=122262
2025-10-29 04:14.28 [debug    ] Processing directory           path=update.no_header.image_extract/run pid=122264
2025-10-29 04:14.28 [debug    ] Processing directory           path=update.no_header.image_extract/mnt pid=122265
2025-10-29 04:14.28 [debug    ] Processing directory           path=update.no_header.image_extract/dev pid=122267
2025-10-29 04:14.28 [debug    ] Processing directory           path=update.no_header.image_extract/opt pid=122258
2025-10-29 04:14.28 [debug    ] Processing directory           path=update.no_header.image_extract/bin pid=122266
2025-10-29 04:14.28 [debug    ] Processing directory           path=update.no_header.image_extract/media pid=122268
2025-10-29 04:14.28 [debug    ] Ignoring special file (link, chrdev, blkdev, fifo, socket, door). path=update.no_header.image_extract/lib32 pid=122269
2025-10-29 04:14.28 [debug    ] Processing directory           path=update.no_header.image_extract/tmp pid=122270
2025-10-29 04:14.28 [debug    ] Processing directory           path=update.no_header.image_extract/usr pid=122271
2025-10-29 04:14.28 [debug    ] Processing directory           path=update.no_header.image_extract/root pid=122273
2025-10-29 04:14.28 [debug    ] Processing directory           path=update.no_header.image_extract/etc pid=122272
2025-10-29 04:14.28 [debug    ] Ignoring special file (link, chrdev, blkdev, fifo, socket, door). path=update.no_header.image_extract/linuxrc pid=122258
2025-10-29 04:14.28 [debug    ] Processing directory           path=update.no_header.image_extract/sys pid=122269
2025-10-29 04:14.28 [debug    ] Processing directory           path=update.no_header.image_extract/var pid=122264
2025-10-29 04:14.28 [debug    ] Processing directory           path=update.no_header.image_extract/config pid=122265
2025-10-29 04:14.28 [debug    ] Ignoring special file (link, chrdev, blkdev, fifo, socket, door). path=update.no_header.image_extract/dev/stderr pid=122268
2025-10-29 04:14.28 [debug    ] Ignoring special file (link, chrdev, blkdev, fifo, socket, door). path=update.no_header.image_extract/dev/log pid=122260
2025-10-29 04:14.28 [debug    ] Ignoring special file (link, chrdev, blkdev, fifo, socket, door). path=update.no_header.image_extract/dev/stdin pid=122261
2025-10-29 04:14.28 [debug    ] Ignoring special file (link, chrdev, blkdev, fifo, socket, door). path=update.no_header.image_extract/dev/stdout pid=122258
2025-10-29 04:14.28 [debug    ] Processing directory           path=update.no_header.image_extract/dev/shm pid=122259
2025-10-29 04:14.28 [debug    ] Processing directory           path=update.no_header.image_extract/dev/pts pid=122267
2025-10-29 04:14.28 [debug    ] Ignoring special file (link, chrdev, blkdev, fifo, socket, door). path=update.no_header.image_extract/dev/fd pid=122263
2025-10-29 04:14.28 [debug    ] Ignoring special file (link, chrdev, blkdev, fifo, socket, door). path=update.no_header.image_extract/sbin/freeramdisk pid=122264
2025-10-29 04:14.28 [debug    ] Ignoring special file (link, chrdev, blkdev, fifo, socket, door). path=update.no_header.image_extract/sbin/iproute pid=122270
2025-10-29 04:14.28 [debug    ] Ignoring special file (link, chrdev, blkdev, fifo, socket, door). path=update.no_header.image_extract/sbin/iplink pid=122273
2025-10-29 04:14.28 [debug    ] Ignoring special file (link, chrdev, blkdev, fifo, socket, door). path=update.no_header.image_extract/sbin/ipaddr pid=122271
2025-10-29 04:14.28 [debug    ] Ignoring special file (link, chrdev, blkdev, fifo, socket, door). path=update.no_header.image_extract/sbin/getty pid=122269
2025-10-29 04:14.28 [debug    ] Ignoring special file (link, chrdev, blkdev, fifo, socket, door). path=update.no_header.image_extract/sbin/pidof pid=122260
2025-10-29 04:14.28 [debug    ] Ignoring special file (link, chrdev, blkdev, fifo, socket, door). path=update.no_header.image_extract/sbin/poweroff pid=122268
2025-10-29 04:14.28 [debug    ] Ignoring special file (link, chrdev, blkdev, fifo, socket, door). path=update.no_header.image_extract/sbin/swapon pid=122258
2025-10-29 04:14.28 [debug    ] Ignoring special file (link, chrdev, blkdev, fifo, socket, door). path=update.no_header.image_extract/sbin/route pid=122266
2025-10-29 04:14.28 [debug    ] Ignoring special file (link, chrdev, blkdev, fifo, socket, door). path=update.no_header.image_extract/sbin/swapoff pid=122261
2025-10-29 04:14.28 [debug    ] Ignoring special file (link, chrdev, blkdev, fifo, socket, door). path=update.no_header.image_extract/sbin/ifconfig pid=122272
2025-10-29 04:14.28 [debug    ] Ignoring special file (link, chrdev, blkdev, fifo, socket, door). path=update.no_header.image_extract/sbin/start-stop-daemon pid=122264
2025-10-29 04:14.28 [debug    ] Ignoring special file (link, chrdev, blkdev, fifo, socket, door). path=update.no_header.image_extract/sbin/syslogd pid=122270
2025-10-29 04:14.28 [debug    ] Ignoring special file (link, chrdev, blkdev, fifo, socket, door). path=update.no_header.image_extract/sbin/udhcpc pid=122267
2025-10-29 04:14.28 [debug    ] Detected file-magic            magic=ELF 32-bit LSB executable, ARM, EABI5 version 1\012-  (SYSV), dynamically linked, interpreter /lib/ld-linux-armhf.so.3, for GNU/Linux 3.2.0, BuildID[sha1]=59fcb9b2e081acb90e49dc545b791a8a1d5f544b, stripped\012- data path=update.no_header.image_extract/sbin/halt pid=122265
2025-10-29 04:14.28 [debug    ] Ignoring special file (link, chrdev, blkdev, fifo, socket, door). path=update.no_header.image_extract/sbin/ip pid=122263
2025-10-29 04:14.28 [debug    ] Ignoring special file (link, chrdev, blkdev, fifo, socket, door). path=update.no_header.image_extract/lib/libutil.so.1 pid=122260
2025-10-29 04:14.28 [debug    ] Ignoring special file (link, chrdev, blkdev, fifo, socket, door). path=update.no_header.image_extract/sbin/reboot pid=122259
2025-10-29 04:14.28 [debug    ] Ignoring special file (link, chrdev, blkdev, fifo, socket, door). path=update.no_header.image_extract/lib/libnss_files.so.2 pid=122272
2025-10-29 04:14.28 [debug    ] Processing file                path=update.no_header.image_extract/sbin/halt pid=122265 size=0x3614
2025-10-29 04:14.28 [debug    ] Ignoring special file (link, chrdev, blkdev, fifo, socket, door). path=update.no_header.image_extract/lib/libanl.so.1 pid=122263
2025-10-29 04:14.28 [debug    ] Ignoring special file (link, chrdev, blkdev, fifo, socket, door). path=update.no_header.image_extract/lib/libstdc++.so.6 pid=122266
2025-10-29 04:14.28 [debug    ] Ignoring special file (link, chrdev, blkdev, fifo, socket, door). path=update.no_header.image_extract/lib/libatomic.so.1 pid=122260
2025-10-29 04:14.28 [debug    ] Ignoring special file (link, chrdev, blkdev, fifo, socket, door). path=update.no_header.image_extract/lib/libnss_dns.so.2 pid=122263
2025-10-29 04:14.28 [debug    ] Detected file-magic            magic=POSIX shell script text executable\012- a /bin/sh script, ASCII text executable path=update.no_header.image_extract/init pid=122262
2025-10-29 04:14.28 [debug    ] Detected file-magic            magic=ELF 32-bit LSB executable, ARM, EABI5 version 1\012-  (SYSV), dynamically linked, interpreter /lib/ld-linux-armhf.so.3, for GNU/Linux 3.2.0, BuildID[sha1]=1da82a883fef7877765c6db2924bbd78c5dcb317, stripped\012- data path=update.no_header.image_extract/sbin/shutdown pid=122258
2025-10-29 04:14.28 [debug    ] Ignoring special file (link, chrdev, blkdev, fifo, socket, door). path=update.no_header.image_extract/lib/librt.so.1 pid=122268
2025-10-29 04:14.28 [debug    ] Detected file-magic            magic=ELF 32-bit LSB shared object, ARM, EABI5 version 1\012-  (SYSV), dynamically linked, BuildID[sha1]=7a2c0aea94aa32b3f7815d24f89f0e68dfde4d09, for GNU/Linux 3.2.0, stripped\012- data path=update.no_header.image_extract/lib/libnss_dns-2.25.so pid=122261
2025-10-29 04:14.28 [debug    ] Detected file-magic            magic=ELF 32-bit LSB executable, ARM, EABI5 version 1\012-  (SYSV), dynamically linked, interpreter /lib/ld-linux-armhf.so.3, for GNU/Linux 3.2.0, BuildID[sha1]=e4aabee11e09b7cbc68fe5aa96ec7d4e2a99659e, stripped\012- data path=update.no_header.image_extract/sbin/killall5 pid=122273
2025-10-29 04:14.28 [debug    ] Detected file-magic            magic=ELF 32-bit LSB executable, ARM, EABI5 version 1\012-  (SYSV), dynamically linked, interpreter /lib/ld-linux-armhf.so.3, for GNU/Linux 3.2.0, BuildID[sha1]=e2f30bc7d9429e06f46553bf1d40c278e5f252ef, stripped\012- data path=update.no_header.image_extract/sbin/init pid=122271
2025-10-29 04:14.28 [debug    ] Ignoring special file (link, chrdev, blkdev, fifo, socket, door). path=update.no_header.image_extract/lib/libc.so.6 pid=122268
2025-10-29 04:14.28 [debug    ] Processing file                path=update.no_header.image_extract/sbin/shutdown pid=122258 size=0x46a8
2025-10-29 04:14.28 [debug    ] Ignoring special file (link, chrdev, blkdev, fifo, socket, door). path=update.no_header.image_extract/lib/libresolv.so.2 pid=122268
2025-10-29 04:14.28 [debug    ] Processing file                path=update.no_header.image_extract/init pid=122262 size=0xb2
2025-10-29 04:14.28 [debug    ] Calculating chunk for pattern match handler=elf32 pid=122258 real_offset=0x0 start_offset=0x0
2025-10-29 04:14.28 [debug    ] Ignoring special file (link, chrdev, blkdev, fifo, socket, door). path=update.no_header.image_extract/lib/libm.so.6 pid=122268
2025-10-29 04:14.28 [debug    ] Detected file-magic            magic=ELF 32-bit LSB shared object, ARM, EABI5 version 1\012-  (GNU/Linux), dynamically linked, BuildID[sha1]=45b99f5ff08af2473f5b5d64ad61365ac37f8f5b, for GNU/Linux 3.2.0, stripped\012- data path=update.no_header.image_extract/lib/librt-2.25.so pid=122264
2025-10-29 04:14.28 [debug    ] Processing file                path=update.no_header.image_extract/lib/libnss_dns-2.25.so pid=122261 size=0x35c0
2025-10-29 04:14.28 [debug    ] Processing file                path=update.no_header.image_extract/sbin/killall5 pid=122273 size=0x4640
2025-10-29 04:14.28 [debug    ] Processing file                path=update.no_header.image_extract/sbin/init pid=122271 size=0x8910
2025-10-29 04:14.28 [debug    ] Detected file-magic            magic=ELF 32-bit LSB shared object, ARM, EABI5 version 1\012-  (SYSV), dynamically linked, BuildID[sha1]=c82543922edc7a73cc00db9bae2074c8a4f86059, for GNU/Linux 3.2.0, stripped\012- data path=update.no_header.image_extract/lib/libutil-2.25.so pid=122266
2025-10-29 04:14.28 [debug    ] Ignoring special file (link, chrdev, blkdev, fifo, socket, door). path=update.no_header.image_extract/lib/ld-linux-armhf.so.3 pid=122268
2025-10-29 04:14.28 [debug    ] Detected file-magic            magic=ELF 32-bit LSB shared object, ARM, EABI5 version 1\012-  (SYSV), dynamically linked, BuildID[sha1]=ab600f2137f87a1b132b5b371f99e9fa7defeff6, for GNU/Linux 3.2.0, stripped\012- data path=update.no_header.image_extract/lib/libanl-2.25.so pid=122260
2025-10-29 04:14.28 [debug    ] Detected file-magic            magic=ELF 32-bit LSB shared object, ARM, EABI5 version 1\012-  (SYSV), dynamically linked, BuildID[sha1]=2e6612f7272a8d1431e996e37544cb4d49f684f6, for GNU/Linux 3.2.0, stripped\012- data path=update.no_header.image_extract/lib/libnsl-2.25.so pid=122267
2025-10-29 04:14.28 [debug    ] Ignoring special file (link, chrdev, blkdev, fifo, socket, door). path=update.no_header.image_extract/lib/libnsl.so.1 pid=122268
2025-10-29 04:14.28 [debug    ] Processing file                path=update.no_header.image_extract/lib/librt-2.25.so pid=122264 size=0x5774
2025-10-29 04:14.28 [debug    ] Processing file                path=update.no_header.image_extract/lib/libutil-2.25.so pid=122266 size=0x25d4
2025-10-29 04:14.28 [debug    ] Processing file                path=update.no_header.image_extract/lib/libanl-2.25.so pid=122260 size=0x36e8
2025-10-29 04:14.28 [debug    ] Detected file-magic            magic=ELF 32-bit LSB shared object, ARM, EABI5 version 1\012-  (SYSV), dynamically linked, BuildID[sha1]=d52cf78393313bab76d284927bc6b7ace926e47a, for GNU/Linux 3.2.0, stripped\012- data path=update.no_header.image_extract/lib/libm-2.25.so pid=122270
2025-10-29 04:14.28 [debug    ] Processing file                path=update.no_header.image_extract/lib/libnsl-2.25.so pid=122267 size=0xd720
2025-10-29 04:14.28 [debug    ] Detected file-magic            magic=ELF 32-bit LSB shared object, ARM, EABI5 version 1\012-  (SYSV), dynamically linked, BuildID[sha1]=2c613beb37c72d412bf082e15de0930dad23930a, for GNU/Linux 3.2.0, stripped\012- data path=update.no_header.image_extract/lib/libnss_files-2.25.so pid=122259
2025-10-29 04:14.28 [debug    ] Processing file                path=update.no_header.image_extract/lib/libm-2.25.so pid=122270 size=0x6b5a0
2025-10-29 04:14.28 [debug    ] Detected file-magic            magic=ELF 32-bit LSB shared object, ARM, EABI5 version 1\012-  (GNU/Linux), dynamically linked, BuildID[sha1]=d4b691a2611056a5bd45e136f939445084060af4, stripped\012- data path=update.no_header.image_extract/lib/libstdc++.so.6.0.24 pid=122263
2025-10-29 04:14.28 [debug    ] Detected file-magic            magic=Python script, ASCII text executable path=update.no_header.image_extract/lib/libstdc++.so.6.0.24-gdb.py pid=122269
2025-10-29 04:14.28 [debug    ] Processing file                path=update.no_header.image_extract/lib/libnss_files-2.25.so pid=122259 size=0x7608
2025-10-29 04:14.28 [debug    ] Detected file-magic            magic=ELF 32-bit LSB shared object, ARM, EABI5 version 1\012-  (GNU/Linux), dynamically linked, BuildID[sha1]=de9110e975308a3c0280b1dc458f30497305aa2b, stripped\012- data path=update.no_header.image_extract/lib/libatomic.so.1.2.0 pid=122272
2025-10-29 04:14.28 [debug    ] Processing file                path=update.no_header.image_extract/lib/libstdc++.so.6.0.24-gdb.py pid=122269 size=0xaa0
2025-10-29 04:14.28 [debug    ] Ignoring special file (link, chrdev, blkdev, fifo, socket, door). path=update.no_header.image_extract/lib/libcrypt.so.1 pid=122268
2025-10-29 04:14.28 [debug    ] Ignoring special file (link, chrdev, blkdev, fifo, socket, door). path=update.no_header.image_extract/lib/libpthread.so.0 pid=122268
2025-10-29 04:14.28 [debug    ] Processing file                path=update.no_header.image_extract/lib/libstdc++.so.6.0.24 pid=122263 size=0xf8dd0
2025-10-29 04:14.28 [debug    ] Found valid chunk              chunk=0x0-0x46a8 handler=elf32 pid=122258
2025-10-29 04:14.28 [debug    ] Ended searching for chunks     all_chunks=[0x0-0x46a8] pid=122258
2025-10-29 04:14.28 [debug    ] Removed inner chunks           outer_chunk_count=1 pid=122258 removed_inner_chunk_count=0
2025-10-29 04:14.28 [debug    ] Processing directory           path=update.no_header.image_extract/lib/debug pid=122258
2025-10-29 04:14.28 [debug    ] Detected file-magic            magic=ELF 32-bit LSB shared object, ARM, EABI5 version 1\012-  (GNU/Linux), dynamically linked, interpreter /lib/ld-linux-armhf.so.3, BuildID[sha1]=29d2084824752ff6e284376bc074962e3b843c6c, for GNU/Linux 3.2.0, not stripped\012- data path=update.no_header.image_extract/lib/libpthread-2.25.so pid=122258
2025-10-29 04:14.28 [debug    ] Processing file                path=update.no_header.image_extract/lib/libpthread-2.25.so pid=122258 size=0x1a0e8
2025-10-29 04:14.28 [debug    ] Processing file                path=update.no_header.image_extract/lib/libatomic.so.1.2.0 pid=122272 size=0x5510
2025-10-29 04:14.28 [debug    ] Calculating chunk for pattern match handler=elf32 pid=122258 real_offset=0x0 start_offset=0x0
2025-10-29 04:14.28 [debug    ] Found valid chunk              chunk=0x0-0x1a0e8 handler=elf32 pid=122258
2025-10-29 04:14.28 [debug    ] Ended searching for chunks     all_chunks=[0x0-0x1a0e8] pid=122258
2025-10-29 04:14.28 [debug    ] Removed inner chunks           outer_chunk_count=1 pid=122258 removed_inner_chunk_count=0
2025-10-29 04:14.28 [debug    ] Ignoring special file (link, chrdev, blkdev, fifo, socket, door). path=update.no_header.image_extract/lib/libdl.so.2 pid=122258
2025-10-29 04:14.28 [debug    ] Detected file-magic            magic=ELF 32-bit LSB shared object, ARM, EABI5 version 1\012-  (SYSV), dynamically linked, BuildID[sha1]=273428885d923e7888e7bbdca379aa2bfbf43804, for GNU/Linux 3.2.0, stripped\012- data path=update.no_header.image_extract/lib/libresolv-2.25.so pid=122258
2025-10-29 04:14.28 [debug    ] Detected file-magic            magic=ELF 32-bit LSB shared object, ARM, EABI5 version 1\012-  (SYSV), dynamically linked, BuildID[sha1]=d0e0673169922a8565cfba288e8e72268b0adcab, not stripped\012- data path=update.no_header.image_extract/lib/ld-2.25.so pid=122268
2025-10-29 04:14.28 [debug    ] Processing file                path=update.no_header.image_extract/lib/libresolv-2.25.so pid=122258 size=0xc6b4
2025-10-29 04:14.28 [debug    ] Calculating chunk for pattern match handler=elf32 pid=122258 real_offset=0x0 start_offset=0x0
2025-10-29 04:14.28 [debug    ] Processing file                path=update.no_header.image_extract/lib/ld-2.25.so pid=122268 size=0x1df80
2025-10-29 04:14.28 [debug    ] Found valid chunk              chunk=0x0-0xc6b4 handler=elf32 pid=122258
2025-10-29 04:14.28 [debug    ] Ended searching for chunks     all_chunks=[0x0-0xc6b4] pid=122258
2025-10-29 04:14.28 [debug    ] Removed inner chunks           outer_chunk_count=1 pid=122258 removed_inner_chunk_count=0
2025-10-29 04:14.28 [debug    ] Detected file-magic            magic=ELF 32-bit LSB shared object, ARM, EABI5 version 1\012-  (GNU/Linux), dynamically linked, interpreter /lib/ld-linux-armhf.so.3, BuildID[sha1]=aa86e880abaf96e2ce86bb676eb24ed234025e31, for GNU/Linux 3.2.0, stripped\012- data path=update.no_header.image_extract/lib/libc-2.25.so pid=122258
2025-10-29 04:14.28 [debug    ] Processing file                path=update.no_header.image_extract/lib/libc-2.25.so pid=122258 size=0xdb6e8
2025-10-29 04:14.28 [debug    ] Calculating chunk for pattern match handler=elf32 pid=122258 real_offset=0x0 start_offset=0x0
2025-10-29 04:14.28 [debug    ] Found valid chunk              chunk=0x0-0xdb6e8 handler=elf32 pid=122258
2025-10-29 04:14.28 [debug    ] Ended searching for chunks     all_chunks=[0x0-0xdb6e8] pid=122258
2025-10-29 04:14.28 [debug    ] Removed inner chunks           outer_chunk_count=1 pid=122258 removed_inner_chunk_count=0
2025-10-29 04:14.28 [debug    ] Detected file-magic            magic=ELF 32-bit LSB shared object, ARM, EABI5 version 1\012-  (SYSV), dynamically linked, BuildID[sha1]=837f483b7ad06cbe437718b165d6c5e3ace61541, for GNU/Linux 3.2.0, stripped\012- data path=update.no_header.image_extract/lib/libdl-2.25.so pid=122258
2025-10-29 04:14.28 [debug    ] Processing file                path=update.no_header.image_extract/lib/libdl-2.25.so pid=122258 size=0x25b8
2025-10-29 04:14.28 [debug    ] Calculating chunk for pattern match handler=elf32 pid=122258 real_offset=0x0 start_offset=0x0
2025-10-29 04:14.28 [debug    ] Found valid chunk              chunk=0x0-0x25b8 handler=elf32 pid=122258
2025-10-29 04:14.28 [debug    ] Ended searching for chunks     all_chunks=[0x0-0x25b8] pid=122258
2025-10-29 04:14.28 [debug    ] Removed inner chunks           outer_chunk_count=1 pid=122258 removed_inner_chunk_count=0
2025-10-29 04:14.28 [debug    ] Detected file-magic            magic=ELF 32-bit LSB shared object, ARM, EABI5 version 1\012-  (SYSV), dynamically linked, BuildID[sha1]=4b01afc7b929482446303e51dd8600249d9161ac, for GNU/Linux 3.2.0, stripped\012- data path=update.no_header.image_extract/lib/libcrypt-2.25.so pid=122258
2025-10-29 04:14.28 [debug    ] Processing file                path=update.no_header.image_extract/lib/libcrypt-2.25.so pid=122258 size=0x7640
2025-10-29 04:14.28 [debug    ] Calculating chunk for pattern match handler=elf32 pid=122258 real_offset=0x0 start_offset=0x0
2025-10-29 04:14.28 [debug    ] Found valid chunk              chunk=0x0-0x7640 handler=elf32 pid=122258
2025-10-29 04:14.28 [debug    ] Ended searching for chunks     all_chunks=[0x0-0x7640] pid=122258
2025-10-29 04:14.28 [debug    ] Removed inner chunks           outer_chunk_count=1 pid=122258 removed_inner_chunk_count=0
2025-10-29 04:14.28 [debug    ] Detected file-magic            magic=ELF 32-bit LSB shared object, ARM, EABI5 version 1\012-  (SYSV), dynamically linked, BuildID[sha1]=be9c85ccca295c47cc30be32e4a41191fcf568db, stripped\012- data path=update.no_header.image_extract/lib/libgcc_s.so.1 pid=122258
2025-10-29 04:14.28 [debug    ] Processing file                path=update.no_header.image_extract/lib/libgcc_s.so.1 pid=122258 size=0x1862c
2025-10-29 04:14.28 [debug    ] Calculating chunk for pattern match handler=elf32 pid=122258 real_offset=0x0 start_offset=0x0
2025-10-29 04:14.28 [debug    ] Found valid chunk              chunk=0x0-0x1862c handler=elf32 pid=122258
2025-10-29 04:14.28 [debug    ] Ended searching for chunks     all_chunks=[0x0-0x1862c] pid=122258
2025-10-29 04:14.28 [debug    ] Removed inner chunks           outer_chunk_count=1 pid=122258 removed_inner_chunk_count=0
2025-10-29 04:14.28 [debug    ] Processing directory           path=update.no_header.image_extract/var/lib pid=122258
2025-10-29 04:14.28 [debug    ] Ignoring special file (link, chrdev, blkdev, fifo, socket, door). path=update.no_header.image_extract/var/run pid=122258
2025-10-29 04:14.28 [debug    ] Ignoring special file (link, chrdev, blkdev, fifo, socket, door). path=update.no_header.image_extract/var/lock pid=122258
2025-10-29 04:14.28 [debug    ] Ignoring special file (link, chrdev, blkdev, fifo, socket, door). path=update.no_header.image_extract/var/cache pid=122258
2025-10-29 04:14.28 [debug    ] Ignoring special file (link, chrdev, blkdev, fifo, socket, door). path=update.no_header.image_extract/var/spool pid=122258
2025-10-29 04:14.28 [debug    ] Ignoring special file (link, chrdev, blkdev, fifo, socket, door). path=update.no_header.image_extract/var/tmp pid=122258
2025-10-29 04:14.28 [debug    ] Ignoring special file (link, chrdev, blkdev, fifo, socket, door). path=update.no_header.image_extract/var/log pid=122258
2025-10-29 04:14.28 [debug    ] Processing directory           path=update.no_header.image_extract/usr/sbin pid=122258
2025-10-29 04:14.28 [debug    ] Processing directory           path=update.no_header.image_extract/usr/lib pid=122258
2025-10-29 04:14.28 [debug    ] Processing directory           path=update.no_header.image_extract/usr/bin pid=122258
2025-10-29 04:14.28 [debug    ] Ignoring special file (link, chrdev, blkdev, fifo, socket, door). path=update.no_header.image_extract/usr/lib32 pid=122258
2025-10-29 04:14.28 [debug    ] Ignoring special file (link, chrdev, blkdev, fifo, socket, door). path=update.no_header.image_extract/bin/stty pid=122258
2025-10-29 04:14.28 [debug    ] Ignoring special file (link, chrdev, blkdev, fifo, socket, door). path=update.no_header.image_extract/bin/more pid=122258
2025-10-29 04:14.28 [debug    ] Ignoring special file (link, chrdev, blkdev, fifo, socket, door). path=update.no_header.image_extract/bin/chmod pid=122258
2025-10-29 04:14.28 [debug    ] Ignoring special file (link, chrdev, blkdev, fifo, socket, door). path=update.no_header.image_extract/bin/pwd pid=122258
2025-10-29 04:14.28 [debug    ] Ignoring special file (link, chrdev, blkdev, fifo, socket, door). path=update.no_header.image_extract/bin/grep pid=122258
2025-10-29 04:14.28 [debug    ] Ignoring special file (link, chrdev, blkdev, fifo, socket, door). path=update.no_header.image_extract/bin/ls pid=122258
2025-10-29 04:14.28 [debug    ] Detected file-magic            magic=ELF 32-bit LSB executable, ARM, EABI5 version 1\012-  (SYSV), dynamically linked, interpreter /lib/ld-linux-armhf.so.3, for GNU/Linux 3.2.0, BuildID[sha1]=b2d0939fad0c6a8099c90c55b38dfc33373b717a, stripped\012- data path=update.no_header.image_extract/bin/busybox pid=122258
2025-10-29 04:14.28 [debug    ] Processing file                path=update.no_header.image_extract/bin/busybox pid=122258 size=0x64b48
2025-10-29 04:14.28 [debug    ] Calculating chunk for pattern match handler=elf32 pid=122258 real_offset=0x0 start_offset=0x0
2025-10-29 04:14.28 [debug    ] Found valid chunk              chunk=0x0-0x64b48 handler=elf32 pid=122258
2025-10-29 04:14.28 [debug    ] Ended searching for chunks     all_chunks=[0x0-0x64b48] pid=122258
2025-10-29 04:14.28 [debug    ] Removed inner chunks           outer_chunk_count=1 pid=122258 removed_inner_chunk_count=0
2025-10-29 04:14.28 [debug    ] Ignoring special file (link, chrdev, blkdev, fifo, socket, door). path=update.no_header.image_extract/bin/arch pid=122258
2025-10-29 04:14.28 [debug    ] Ignoring special file (link, chrdev, blkdev, fifo, socket, door). path=update.no_header.image_extract/bin/printenv pid=122258
2025-10-29 04:14.28 [debug    ] Ignoring special file (link, chrdev, blkdev, fifo, socket, door). path=update.no_header.image_extract/bin/chown pid=122258
2025-10-29 04:14.28 [debug    ] Ignoring special file (link, chrdev, blkdev, fifo, socket, door). path=update.no_header.image_extract/bin/hostname pid=122258
2025-10-29 04:14.28 [debug    ] Ignoring special file (link, chrdev, blkdev, fifo, socket, door). path=update.no_header.image_extract/bin/rmdir pid=122258
2025-10-29 04:14.28 [debug    ] Ignoring special file (link, chrdev, blkdev, fifo, socket, door). path=update.no_header.image_extract/bin/ln pid=122258
2025-10-29 04:14.28 [debug    ] Ignoring special file (link, chrdev, blkdev, fifo, socket, door). path=update.no_header.image_extract/bin/netstat pid=122258
2025-10-29 04:14.28 [debug    ] Ignoring special file (link, chrdev, blkdev, fifo, socket, door). path=update.no_header.image_extract/bin/egrep pid=122258
2025-10-29 04:14.28 [debug    ] Ignoring special file (link, chrdev, blkdev, fifo, socket, door). path=update.no_header.image_extract/bin/su pid=122258
2025-10-29 04:14.28 [debug    ] Ignoring special file (link, chrdev, blkdev, fifo, socket, door). path=update.no_header.image_extract/bin/vi pid=122258
2025-10-29 04:14.28 [debug    ] Ignoring special file (link, chrdev, blkdev, fifo, socket, door). path=update.no_header.image_extract/bin/mktemp pid=122258
2025-10-29 04:14.28 [debug    ] Ignoring special file (link, chrdev, blkdev, fifo, socket, door). path=update.no_header.image_extract/bin/false pid=122258
2025-10-29 04:14.28 [debug    ] Ignoring special file (link, chrdev, blkdev, fifo, socket, door). path=update.no_header.image_extract/bin/dmesg pid=122258
2025-10-29 04:14.28 [debug    ] Ignoring special file (link, chrdev, blkdev, fifo, socket, door). path=update.no_header.image_extract/bin/link pid=122258
2025-10-29 04:14.28 [debug    ] Ignoring special file (link, chrdev, blkdev, fifo, socket, door). path=update.no_header.image_extract/bin/mknod pid=122258
2025-10-29 04:14.28 [debug    ] Ignoring special file (link, chrdev, blkdev, fifo, socket, door). path=update.no_header.image_extract/bin/true pid=122258
2025-10-29 04:14.28 [debug    ] Ignoring special file (link, chrdev, blkdev, fifo, socket, door). path=update.no_header.image_extract/bin/umount pid=122258
2025-10-29 04:14.28 [debug    ] Ignoring special file (link, chrdev, blkdev, fifo, socket, door). path=update.no_header.image_extract/bin/df pid=122258
2025-10-29 04:14.28 [debug    ] Ignoring special file (link, chrdev, blkdev, fifo, socket, door). path=update.no_header.image_extract/bin/echo pid=122258
2025-10-29 04:14.28 [debug    ] Ignoring special file (link, chrdev, blkdev, fifo, socket, door). path=update.no_header.image_extract/bin/dd pid=122258
2025-10-29 04:14.28 [debug    ] Ignoring special file (link, chrdev, blkdev, fifo, socket, door). path=update.no_header.image_extract/bin/rm pid=122258
2025-10-29 04:14.28 [debug    ] Ignoring special file (link, chrdev, blkdev, fifo, socket, door). path=update.no_header.image_extract/bin/fgrep pid=122258
2025-10-29 04:14.28 [debug    ] Ignoring special file (link, chrdev, blkdev, fifo, socket, door). path=update.no_header.image_extract/bin/sleep pid=122258
2025-10-29 04:14.28 [debug    ] Ignoring special file (link, chrdev, blkdev, fifo, socket, door). path=update.no_header.image_extract/bin/touch pid=122258
2025-10-29 04:14.28 [debug    ] Ignoring special file (link, chrdev, blkdev, fifo, socket, door). path=update.no_header.image_extract/bin/base64 pid=122258
2025-10-29 04:14.28 [debug    ] Ignoring special file (link, chrdev, blkdev, fifo, socket, door). path=update.no_header.image_extract/bin/ping pid=122258
2025-10-29 04:14.28 [debug    ] Ignoring special file (link, chrdev, blkdev, fifo, socket, door). path=update.no_header.image_extract/bin/gunzip pid=122258
2025-10-29 04:14.28 [debug    ] Ignoring special file (link, chrdev, blkdev, fifo, socket, door). path=update.no_header.image_extract/bin/kill pid=122258
2025-10-29 04:14.28 [debug    ] Ignoring special file (link, chrdev, blkdev, fifo, socket, door). path=update.no_header.image_extract/bin/nice pid=122258
2025-10-29 04:14.28 [debug    ] Ignoring special file (link, chrdev, blkdev, fifo, socket, door). path=update.no_header.image_extract/bin/date pid=122258
2025-10-29 04:14.28 [debug    ] Ignoring special file (link, chrdev, blkdev, fifo, socket, door). path=update.no_header.image_extract/bin/login pid=122258
2025-10-29 04:14.28 [debug    ] Ignoring special file (link, chrdev, blkdev, fifo, socket, door). path=update.no_header.image_extract/bin/mount pid=122258
2025-10-29 04:14.28 [debug    ] Ignoring special file (link, chrdev, blkdev, fifo, socket, door). path=update.no_header.image_extract/bin/sed pid=122258
2025-10-29 04:14.28 [debug    ] Ignoring special file (link, chrdev, blkdev, fifo, socket, door). path=update.no_header.image_extract/bin/setpriv pid=122258
2025-10-29 04:14.28 [debug    ] Ignoring special file (link, chrdev, blkdev, fifo, socket, door). path=update.no_header.image_extract/bin/mv pid=122258
2025-10-29 04:14.28 [debug    ] Ignoring special file (link, chrdev, blkdev, fifo, socket, door). path=update.no_header.image_extract/bin/sync pid=122258
2025-10-29 04:14.28 [debug    ] Ignoring special file (link, chrdev, blkdev, fifo, socket, door). path=update.no_header.image_extract/bin/tar pid=122258
2025-10-29 04:14.28 [debug    ] Ignoring special file (link, chrdev, blkdev, fifo, socket, door). path=update.no_header.image_extract/bin/ash pid=122258
2025-10-29 04:14.28 [debug    ] Ignoring special file (link, chrdev, blkdev, fifo, socket, door). path=update.no_header.image_extract/bin/setserial pid=122258
2025-10-29 04:14.28 [debug    ] Ignoring special file (link, chrdev, blkdev, fifo, socket, door). path=update.no_header.image_extract/bin/ps pid=122258
2025-10-29 04:14.28 [debug    ] Ignoring special file (link, chrdev, blkdev, fifo, socket, door). path=update.no_header.image_extract/bin/cat pid=122258
2025-10-29 04:14.28 [debug    ] Ignoring special file (link, chrdev, blkdev, fifo, socket, door). path=update.no_header.image_extract/bin/dnsdomainname pid=122258
2025-10-29 04:14.28 [debug    ] Ignoring special file (link, chrdev, blkdev, fifo, socket, door). path=update.no_header.image_extract/bin/cp pid=122258
2025-10-29 04:14.28 [debug    ] Ignoring special file (link, chrdev, blkdev, fifo, socket, door). path=update.no_header.image_extract/bin/mkdir pid=122258
2025-10-29 04:14.28 [debug    ] Ignoring special file (link, chrdev, blkdev, fifo, socket, door). path=update.no_header.image_extract/bin/uname pid=122258
2025-10-29 04:14.28 [debug    ] Ignoring special file (link, chrdev, blkdev, fifo, socket, door). path=update.no_header.image_extract/bin/usleep pid=122258
2025-10-29 04:14.28 [debug    ] Ignoring special file (link, chrdev, blkdev, fifo, socket, door). path=update.no_header.image_extract/bin/sh pid=122258
2025-10-29 04:14.28 [debug    ] Detected file-magic            magic=ASCII text path=update.no_header.image_extract/etc/hosts pid=122258
2025-10-29 04:14.28 [debug    ] Processing file                path=update.no_header.image_extract/etc/hosts pid=122258 size=0x27
2025-10-29 04:14.28 [debug    ] Ended searching for chunks     all_chunks=[] pid=122258
2025-10-29 04:14.28 [debug    ] Detected file-magic            magic=ASCII text path=update.no_header.image_extract/etc/bitmain.pub pid=122258
2025-10-29 04:14.28 [debug    ] Processing file                path=update.no_header.image_extract/etc/bitmain.pub pid=122258 size=0x1c3
2025-10-29 04:14.28 [debug    ] Ended searching for chunks     all_chunks=[] pid=122258
2025-10-29 04:14.28 [debug    ] Detected file-magic            magic=ASCII text path=update.no_header.image_extract/etc/group pid=122258
2025-10-29 04:14.28 [debug    ] Calculating chunk for pattern match handler=elf32 pid=122261 real_offset=0x0 start_offset=0x0
2025-10-29 04:14.28 [debug    ] Processing file                path=update.no_header.image_extract/etc/group pid=122258 size=0x133
2025-10-29 04:14.28 [debug    ] Ended searching for chunks     all_chunks=[] pid=122258
2025-10-29 04:14.28 [debug    ] Calculating chunk for pattern match handler=elf32 pid=122265 real_offset=0x0 start_offset=0x0
2025-10-29 04:14.28 [debug    ] Calculating chunk for pattern match handler=elf32 pid=122264 real_offset=0x0 start_offset=0x0
2025-10-29 04:14.28 [debug    ] Calculating chunk for pattern match handler=elf32 pid=122270 real_offset=0x0 start_offset=0x0
2025-10-29 04:14.28 [debug    ] Ended searching for chunks     all_chunks=[] pid=122269
2025-10-29 04:14.28 [debug    ] Calculating chunk for pattern match handler=elf32 pid=122271 real_offset=0x0 start_offset=0x0
2025-10-29 04:14.28 [debug    ] Calculating chunk for pattern match handler=elf32 pid=122260 real_offset=0x0 start_offset=0x0
2025-10-29 04:14.28 [debug    ] Detected file-magic            magic=ASCII text path=update.no_header.image_extract/etc/services pid=122258
2025-10-29 04:14.28 [debug    ] Processing file                path=update.no_header.image_extract/etc/services pid=122258 size=0x2a79
2025-10-29 04:14.28 [debug    ] Ended searching for chunks     all_chunks=[] pid=122258
2025-10-29 04:14.28 [debug    ] Detected file-magic            magic=ASCII text path=update.no_header.image_extract/etc/nsswitch.conf pid=122269
2025-10-29 04:14.28 [debug    ] Found valid chunk              chunk=0x0-0x35c0 handler=elf32 pid=122261
2025-10-29 04:14.28 [debug    ] Ended searching for chunks     all_chunks=[0x0-0x35c0] pid=122261
2025-10-29 04:14.28 [debug    ] Removed inner chunks           outer_chunk_count=1 pid=122261 removed_inner_chunk_count=0
2025-10-29 04:14.28 [debug    ] Ended searching for chunks     all_chunks=[] pid=122262
2025-10-29 04:14.28 [debug    ] Processing file                path=update.no_header.image_extract/etc/nsswitch.conf pid=122269 size=0xe6
2025-10-29 04:14.28 [debug    ] Ended searching for chunks     all_chunks=[] pid=122269
2025-10-29 04:14.28 [debug    ] Calculating chunk for pattern match handler=elf32 pid=122263 real_offset=0x0 start_offset=0x0
2025-10-29 04:14.28 [debug    ] Detected file-magic            magic=ASCII text path=update.no_header.image_extract/etc/hostname pid=122258
2025-10-29 04:14.28 [debug    ] Processing file                path=update.no_header.image_extract/etc/hostname pid=122258 size=0x9
2025-10-29 04:14.28 [debug    ] Found valid chunk              chunk=0x0-0x5774 handler=elf32 pid=122264
2025-10-29 04:14.28 [debug    ] Ended searching for chunks     all_chunks=[0x0-0x5774] pid=122264
2025-10-29 04:14.28 [debug    ] Removed inner chunks           outer_chunk_count=1 pid=122264 removed_inner_chunk_count=0
2025-10-29 04:14.28 [debug    ] Ended searching for chunks     all_chunks=[] pid=122258
2025-10-29 04:14.28 [debug    ] Found valid chunk              chunk=0x0-0x6b5a0 handler=elf32 pid=122270
2025-10-29 04:14.28 [debug    ] Ended searching for chunks     all_chunks=[0x0-0x6b5a0] pid=122270
2025-10-29 04:14.28 [debug    ] Removed inner chunks           outer_chunk_count=1 pid=122270 removed_inner_chunk_count=0
2025-10-29 04:14.28 [debug    ] Processing directory           path=update.no_header.image_extract/etc/ssl pid=122261
2025-10-29 04:14.28 [debug    ] Found valid chunk              chunk=0x0-0x3614 handler=elf32 pid=122265
2025-10-29 04:14.28 [debug    ] Ended searching for chunks     all_chunks=[0x0-0x3614] pid=122265
2025-10-29 04:14.28 [debug    ] Removed inner chunks           outer_chunk_count=1 pid=122265 removed_inner_chunk_count=0
2025-10-29 04:14.28 [debug    ] Detected file-magic            magic=ASCII text path=update.no_header.image_extract/etc/shadow.factory pid=122269
2025-10-29 04:14.28 [debug    ] Detected file-magic            magic=ASCII text path=update.no_header.image_extract/etc/bitmain-adv.pub pid=122262
2025-10-29 04:14.28 [debug    ] Processing file                path=update.no_header.image_extract/etc/shadow.factory pid=122269 size=0x2fe
2025-10-29 04:14.28 [debug    ] Processing directory           path=update.no_header.image_extract/etc/init.d pid=122258
2025-10-29 04:14.28 [debug    ] Ignoring special file (link, chrdev, blkdev, fifo, socket, door). path=update.no_header.image_extract/etc/mtab pid=122270
2025-10-29 04:14.28 [debug    ] Ended searching for chunks     all_chunks=[] pid=122269
2025-10-29 04:14.28 [debug    ] Processing file                path=update.no_header.image_extract/etc/bitmain-adv.pub pid=122262 size=0x1c2
2025-10-29 04:14.28 [debug    ] Ignoring special file (link, chrdev, blkdev, fifo, socket, door). path=update.no_header.image_extract/etc/os-release pid=122270
2025-10-29 04:14.28 [debug    ] Ended searching for chunks     all_chunks=[] pid=122262
2025-10-29 04:14.28 [debug    ] Processing directory           path=update.no_header.image_extract/etc/udhcpc pid=122258
2025-10-29 04:14.28 [debug    ] Processing directory           path=update.no_header.image_extract/etc/profile.d pid=122269
2025-10-29 04:14.28 [debug    ] Ignoring special file (link, chrdev, blkdev, fifo, socket, door). path=update.no_header.image_extract/etc/resolv.conf pid=122262
2025-10-29 04:14.28 [debug    ] Calculating chunk for pattern match handler=elf32 pid=122259 real_offset=0x0 start_offset=0x0
2025-10-29 04:14.28 [debug    ] Detected file-magic            magic=ASCII text path=update.no_header.image_extract/etc/issue pid=122258
2025-10-29 04:14.28 [debug    ] Detected file-magic            magic=ASCII text path=update.no_header.image_extract/etc/shadow pid=122262
2025-10-29 04:14.28 [debug    ] Processing file                path=update.no_header.image_extract/etc/issue pid=122258 size=0x14
2025-10-29 04:14.28 [debug    ] Ended searching for chunks     all_chunks=[] pid=122258
2025-10-29 04:14.28 [debug    ] Processing file                path=update.no_header.image_extract/etc/shadow pid=122262 size=0xf4
2025-10-29 04:14.28 [debug    ] Ended searching for chunks     all_chunks=[] pid=122262
2025-10-29 04:14.28 [debug    ] Found valid chunk              chunk=0x0-0x8910 handler=elf32 pid=122271
2025-10-29 04:14.28 [debug    ] Ended searching for chunks     all_chunks=[0x0-0x8910] pid=122271
2025-10-29 04:14.28 [debug    ] Found valid chunk              chunk=0x0-0x36e8 handler=elf32 pid=122260
2025-10-29 04:14.28 [debug    ] Removed inner chunks           outer_chunk_count=1 pid=122271 removed_inner_chunk_count=0
2025-10-29 04:14.28 [debug    ] Ended searching for chunks     all_chunks=[0x0-0x36e8] pid=122260
2025-10-29 04:14.28 [debug    ] Ignoring special file (link, chrdev, blkdev, fifo, socket, door). path=update.no_header.image_extract/lib/debug/libstdc++.so.6 pid=122258
2025-10-29 04:14.28 [debug    ] Removed inner chunks           outer_chunk_count=1 pid=122260 removed_inner_chunk_count=0
2025-10-29 04:14.28 [debug    ] Detected file-magic            magic=ASCII text path=update.no_header.image_extract/etc/passwd pid=122264
2025-10-29 04:14.28 [debug    ] Detected file-magic            magic=ASCII text path=update.no_header.image_extract/etc/protocols pid=122269
2025-10-29 04:14.28 [debug    ] Processing file                path=update.no_header.image_extract/etc/passwd pid=122264 size=0x154
2025-10-29 04:14.28 [debug    ] Ignoring special file (link, chrdev, blkdev, fifo, socket, door). path=update.no_header.image_extract/var/lib/misc pid=122271
2025-10-29 04:14.28 [debug    ] Processing file                path=update.no_header.image_extract/etc/protocols pid=122269 size=0xab8
2025-10-29 04:14.28 [debug    ] Detected file-magic            magic=ASCII text path=update.no_header.image_extract/etc/fstab pid=122262
2025-10-29 04:14.28 [debug    ] Ended searching for chunks     all_chunks=[] pid=122264
2025-10-29 04:14.28 [debug    ] Ignoring special file (link, chrdev, blkdev, fifo, socket, door). path=update.no_header.image_extract/usr/sbin/flash_eraseall pid=122271
2025-10-29 04:14.28 [debug    ] Ended searching for chunks     all_chunks=[] pid=122269
2025-10-29 04:14.28 [debug    ] Detected file-magic            magic=ASCII text path=update.no_header.image_extract/etc/profile pid=122265
2025-10-29 04:14.28 [debug    ] Processing file                path=update.no_header.image_extract/etc/fstab pid=122262 size=0x14e
2025-10-29 04:14.28 [debug    ] Ignoring special file (link, chrdev, blkdev, fifo, socket, door). path=update.no_header.image_extract/usr/sbin/ether-wake pid=122269
2025-10-29 04:14.28 [debug    ] Ended searching for chunks     all_chunks=[] pid=122262
2025-10-29 04:14.28 [debug    ] Processing file                path=update.no_header.image_extract/etc/profile pid=122265 size=0x19e
2025-10-29 04:14.28 [debug    ] Detected file-magic            magic=ASCII text path=update.no_header.image_extract/etc/inittab pid=122270
2025-10-29 04:14.28 [debug    ] Ended searching for chunks     all_chunks=[] pid=122265
2025-10-29 04:14.28 [debug    ] Detected file-magic            magic=ASCII text path=update.no_header.image_extract/etc/shells pid=122261
2025-10-29 04:14.28 [debug    ] Calculating chunk for pattern match handler=elf32 pid=122267 real_offset=0x0 start_offset=0x0
2025-10-29 04:14.28 [debug    ] Ignoring special file (link, chrdev, blkdev, fifo, socket, door). path=update.no_header.image_extract/usr/sbin/chroot pid=122260
2025-10-29 04:14.28 [debug    ] Detected file-magic            magic=ELF 32-bit LSB executable, ARM, EABI5 version 1\012-  (SYSV), dynamically linked, interpreter /lib/ld-linux-armhf.so.3, for GNU/Linux 3.2.0, BuildID[sha1]=c3e23a0a7f90510962c2472185206cc947dd5d19, stripped\012- data path=update.no_header.image_extract/usr/sbin/ubiformat pid=122271
2025-10-29 04:14.28 [debug    ] Processing file                path=update.no_header.image_extract/etc/inittab pid=122270 size=0x3ad
2025-10-29 04:14.28 [debug    ] Processing file                path=update.no_header.image_extract/etc/shells pid=122261 size=0x8
2025-10-29 04:14.28 [debug    ] Ended searching for chunks     all_chunks=[] pid=122270
2025-10-29 04:14.28 [debug    ] Detected file-magic            magic=ELF 32-bit LSB executable, ARM, EABI5 version 1\012-  (SYSV), dynamically linked, interpreter /lib/ld-linux-armhf.so.3, for GNU/Linux 3.2.0, BuildID[sha1]=73b98a0c7ae761491483bf0ed9972c59bfa1279d, stripped\012- data path=update.no_header.image_extract/usr/sbin/ubidetach pid=122269
2025-10-29 04:14.28 [debug    ] Ended searching for chunks     all_chunks=[] pid=122261
2025-10-29 04:14.28 [debug    ] Processing file                path=update.no_header.image_extract/usr/sbin/ubiformat pid=122271 size=0xf648
2025-10-29 04:14.28 [debug    ] Found valid chunk              chunk=0x0-0xf8dd0 handler=elf32 pid=122263
2025-10-29 04:14.28 [debug    ] Detected file-magic            magic=ELF 32-bit LSB executable, ARM, EABI5 version 1\012-  (SYSV), dynamically linked, interpreter /lib/ld-linux-armhf.so.3, for GNU/Linux 3.2.0, BuildID[sha1]=7964d6dca5d9b187bedf3680f1471ac8f9cdf56e, stripped\012- data path=update.no_header.image_extract/usr/sbin/flash_erase pid=122262
2025-10-29 04:14.28 [debug    ] Ended searching for chunks     all_chunks=[0x0-0xf8dd0] pid=122263
2025-10-29 04:14.28 [debug    ] Calculating chunk for pattern match handler=elf32 pid=122271 real_offset=0x0 start_offset=0x0
2025-10-29 04:14.28 [debug    ] Removed inner chunks           outer_chunk_count=1 pid=122263 removed_inner_chunk_count=0
2025-10-29 04:14.28 [debug    ] Processing file                path=update.no_header.image_extract/usr/sbin/ubidetach pid=122269 size=0x55d4
2025-10-29 04:14.28 [debug    ] Detected file-magic            magic=ELF 32-bit LSB executable, ARM, EABI5 version 1\012-  (SYSV), dynamically linked, interpreter /lib/ld-linux-armhf.so.3, for GNU/Linux 3.2.0, BuildID[sha1]=91ecfa8965ef4a17bfdee43e4deacab02d7cb0d8, stripped\012- data path=update.no_header.image_extract/usr/sbin/ubirmvol pid=122260
2025-10-29 04:14.28 [debug    ] Found valid chunk              chunk=0x0-0xf648 handler=elf32 pid=122271
2025-10-29 04:14.28 [debug    ] Calculating chunk for pattern match handler=elf32 pid=122269 real_offset=0x0 start_offset=0x0
2025-10-29 04:14.28 [debug    ] Detected file-magic            magic=ELF 32-bit LSB executable, ARM, EABI5 version 1\012-  (SYSV), dynamically linked, interpreter /lib/ld-linux-armhf.so.3, for GNU/Linux 3.2.0, BuildID[sha1]=c68d12c051a1f014970496faa1d9bc1d0a2242f5, stripped\012- data path=update.no_header.image_extract/usr/sbin/mtdinfo pid=122265
2025-10-29 04:14.28 [debug    ] Processing file                path=update.no_header.image_extract/usr/sbin/flash_erase pid=122262 size=0x75e4
2025-10-29 04:14.28 [debug    ] Ended searching for chunks     all_chunks=[0x0-0xf648] pid=122271
2025-10-29 04:14.28 [debug    ] Removed inner chunks           outer_chunk_count=1 pid=122271 removed_inner_chunk_count=0
2025-10-29 04:14.28 [debug    ] Calculating chunk for pattern match handler=elf32 pid=122262 real_offset=0x0 start_offset=0x0
2025-10-29 04:14.28 [debug    ] Processing file                path=update.no_header.image_extract/usr/sbin/ubirmvol pid=122260 size=0x55d0
2025-10-29 04:14.28 [debug    ] Detected file-magic            magic=ELF 32-bit LSB executable, ARM, EABI5 version 1\012-  (SYSV), dynamically linked, interpreter /lib/ld-linux-armhf.so.3, for GNU/Linux 3.2.0, BuildID[sha1]=e03123b8a4eb2406b6a260aa439355113604fcbb, stripped\012- data path=update.no_header.image_extract/usr/sbin/nanddump pid=122270
2025-10-29 04:14.28 [debug    ] Processing file                path=update.no_header.image_extract/usr/sbin/mtdinfo pid=122265 size=0x95e8
2025-10-29 04:14.28 [debug    ] Ignoring special file (link, chrdev, blkdev, fifo, socket, door). path=update.no_header.image_extract/usr/sbin/deluser pid=122271
2025-10-29 04:14.28 [debug    ] Calculating chunk for pattern match handler=elf32 pid=122265 real_offset=0x0 start_offset=0x0
2025-10-29 04:14.28 [debug    ] Processing file                path=update.no_header.image_extract/usr/sbin/nanddump pid=122270 size=0x85e8
2025-10-29 04:14.28 [debug    ] Calculating chunk for pattern match handler=elf32 pid=122266 real_offset=0x0 start_offset=0x0
2025-10-29 04:14.28 [debug    ] Detected file-magic            magic=ELF 32-bit LSB executable, ARM, EABI5 version 1\012-  (SYSV), dynamically linked, interpreter /lib/ld-linux-armhf.so.3, for GNU/Linux 3.2.0, BuildID[sha1]=eb99a9f35f8bea7bde1c94d15a11fe8767f0d668, stripped\012- data path=update.no_header.image_extract/usr/sbin/ubimkvol pid=122264
2025-10-29 04:14.28 [debug    ] Calculating chunk for pattern match handler=elf32 pid=122270 real_offset=0x0 start_offset=0x0
2025-10-29 04:14.28 [debug    ] Found valid chunk              chunk=0x0-0x95e8 handler=elf32 pid=122265
2025-10-29 04:14.28 [debug    ] Ended searching for chunks     all_chunks=[0x0-0x95e8] pid=122265
2025-10-29 04:14.28 [debug    ] Removed inner chunks           outer_chunk_count=1 pid=122265 removed_inner_chunk_count=0
2025-10-29 04:14.28 [debug    ] Detected file-magic            magic=ELF 32-bit LSB shared object, ARM, EABI5 version 1\012-  (GNU/Linux), dynamically linked, BuildID[sha1]=581dc6fe25c36ae838caeeab8e4e18791e65a03d, stripped\012- data path=update.no_header.image_extract/lib/debug/libstdc++.so.6.0.24 pid=122258
2025-10-29 04:14.28 [debug    ] Found valid chunk              chunk=0x0-0x85e8 handler=elf32 pid=122270
2025-10-29 04:14.28 [debug    ] Processing file                path=update.no_header.image_extract/usr/sbin/ubimkvol pid=122264 size=0x6608
2025-10-29 04:14.28 [debug    ] Ended searching for chunks     all_chunks=[0x0-0x85e8] pid=122270
2025-10-29 04:14.28 [debug    ] Detected file-magic            magic=ELF 32-bit LSB executable, ARM, EABI5 version 1\012-  (SYSV), dynamically linked, interpreter /lib/ld-linux-armhf.so.3, for GNU/Linux 3.2.0, BuildID[sha1]=9d5695c331f0e2b0d7f33b38a9e9fcb0b9acde03, stripped\012- data path=update.no_header.image_extract/usr/sbin/ubinfo pid=122271
2025-10-29 04:14.28 [debug    ] Removed inner chunks           outer_chunk_count=1 pid=122270 removed_inner_chunk_count=0
2025-10-29 04:14.28 [debug    ] Calculating chunk for pattern match handler=elf32 pid=122264 real_offset=0x0 start_offset=0x0
2025-10-29 04:14.28 [debug    ] Ignoring special file (link, chrdev, blkdev, fifo, socket, door). path=update.no_header.image_extract/usr/sbin/adduser pid=122265
2025-10-29 04:14.28 [debug    ] Processing file                path=update.no_header.image_extract/usr/sbin/ubinfo pid=122271 size=0x65f0
2025-10-29 04:14.28 [debug    ] Calculating chunk for pattern match handler=elf32 pid=122271 real_offset=0x0 start_offset=0x0
2025-10-29 04:14.28 [debug    ] Found valid chunk              chunk=0x0-0x6608 handler=elf32 pid=122264
2025-10-29 04:14.28 [debug    ] Ignoring special file (link, chrdev, blkdev, fifo, socket, door). path=update.no_header.image_extract/usr/sbin/fsfreeze pid=122270
2025-10-29 04:14.28 [debug    ] Ended searching for chunks     all_chunks=[0x0-0x6608] pid=122264
2025-10-29 04:14.28 [debug    ] Detected file-magic            magic=ELF 32-bit LSB executable, ARM, EABI5 version 1\012-  (SYSV), dynamically linked, interpreter /lib/ld-linux-armhf.so.3, for GNU/Linux 3.2.0, BuildID[sha1]=f1ce20d1a264339e0bd1503c3cc7bf07ed840442, stripped\012- data path=update.no_header.image_extract/usr/sbin/nandwrite pid=122261
2025-10-29 04:14.28 [debug    ] Calculating chunk for pattern match handler=elf32 pid=122260 real_offset=0x0 start_offset=0x0
2025-10-29 04:14.28 [debug    ] Found valid chunk              chunk=0x0-0x65f0 handler=elf32 pid=122271
2025-10-29 04:14.28 [debug    ] Ignoring special file (link, chrdev, blkdev, fifo, socket, door). path=update.no_header.image_extract/usr/lib/libz.so pid=122270
2025-10-29 04:14.28 [debug    ] Ended searching for chunks     all_chunks=[0x0-0x65f0] pid=122271
2025-10-29 04:14.28 [debug    ] Removed inner chunks           outer_chunk_count=1 pid=122271 removed_inner_chunk_count=0
2025-10-29 04:14.28 [debug    ] Detected file-magic            magic=ELF 32-bit LSB executable, ARM, EABI5 version 1\012-  (SYSV), dynamically linked, interpreter /lib/ld-linux-armhf.so.3, for GNU/Linux 3.2.0, BuildID[sha1]=cc8e14a1a1e139031f046621831dd2270e55c357, stripped\012- data path=update.no_header.image_extract/usr/sbin/ubiattach pid=122265
2025-10-29 04:14.28 [debug    ] Processing file                path=update.no_header.image_extract/usr/sbin/nandwrite pid=122261 size=0x85e4
2025-10-29 04:14.28 [debug    ] Found valid chunk              chunk=0x0-0x55d0 handler=elf32 pid=122260
2025-10-29 04:14.28 [debug    ] Ignoring special file (link, chrdev, blkdev, fifo, socket, door). path=update.no_header.image_extract/usr/lib/libssl.so pid=122271
2025-10-29 04:14.28 [debug    ] Ended searching for chunks     all_chunks=[0x0-0x55d0] pid=122260
2025-10-29 04:14.28 [debug    ] Removed inner chunks           outer_chunk_count=1 pid=122260 removed_inner_chunk_count=0
2025-10-29 04:14.28 [debug    ] Calculating chunk for pattern match handler=elf32 pid=122261 real_offset=0x0 start_offset=0x0
2025-10-29 04:14.28 [debug    ] Processing file                path=update.no_header.image_extract/usr/sbin/ubiattach pid=122265 size=0x65f4
2025-10-29 04:14.28 [debug    ] Calculating chunk for pattern match handler=elf32 pid=122265 real_offset=0x0 start_offset=0x0
2025-10-29 04:14.28 [debug    ] Found valid chunk              chunk=0x0-0x85e4 handler=elf32 pid=122261
2025-10-29 04:14.28 [debug    ] Detected file-magic            magic=ELF 32-bit LSB shared object, ARM, EABI5 version 1\012-  (SYSV), dynamically linked, BuildID[sha1]=0f1d3d4675da078fd3164d126210243a095c342a, stripped\012- data path=update.no_header.image_extract/usr/lib/libevent_openssl-2.1.so.6.0.2 pid=122270
2025-10-29 04:14.28 [debug    ] Found valid chunk              chunk=0x0-0x65f4 handler=elf32 pid=122265
2025-10-29 04:14.28 [debug    ] Ended searching for chunks     all_chunks=[0x0-0x65f4] pid=122265
2025-10-29 04:14.28 [debug    ] Processing file                path=update.no_header.image_extract/usr/lib/libevent_openssl-2.1.so.6.0.2 pid=122270 size=0x4644
2025-10-29 04:14.28 [debug    ] Removed inner chunks           outer_chunk_count=1 pid=122265 removed_inner_chunk_count=0
2025-10-29 04:14.28 [debug    ] Detected file-magic            magic=ELF 32-bit LSB shared object, ARM, EABI5 version 1\012-  (SYSV), dynamically linked, BuildID[sha1]=2a7486e93db3592598a2db66efca055e20a54603, stripped\012- data path=update.no_header.image_extract/usr/lib/libz.so.1.2.11 pid=122271
2025-10-29 04:14.28 [debug    ] Calculating chunk for pattern match handler=elf32 pid=122270 real_offset=0x0 start_offset=0x0
2025-10-29 04:14.28 [debug    ] Removed inner chunks           outer_chunk_count=1 pid=122264 removed_inner_chunk_count=0
2025-10-29 04:14.28 [debug    ] Processing file                path=update.no_header.image_extract/lib/debug/libstdc++.so.6.0.24 pid=122258 size=0x11ed3c
2025-10-29 04:14.28 [debug    ] Ignoring special file (link, chrdev, blkdev, fifo, socket, door). path=update.no_header.image_extract/usr/lib/libevent-2.1.so.6 pid=122265
2025-10-29 04:14.28 [debug    ] Found valid chunk              chunk=0x0-0x4644 handler=elf32 pid=122270
2025-10-29 04:14.28 [debug    ] Processing file                path=update.no_header.image_extract/usr/lib/libz.so.1.2.11 pid=122271 size=0x13610
2025-10-29 04:14.28 [debug    ] Ended searching for chunks     all_chunks=[0x0-0x4644] pid=122270
2025-10-29 04:14.28 [debug    ] Calculating chunk for pattern match handler=elf32 pid=122258 real_offset=0x0 start_offset=0x0
2025-10-29 04:14.28 [debug    ] Removed inner chunks           outer_chunk_count=1 pid=122270 removed_inner_chunk_count=0
2025-10-29 04:14.28 [debug    ] Calculating chunk for pattern match handler=elf32 pid=122271 real_offset=0x0 start_offset=0x0
2025-10-29 04:14.28 [debug    ] Found valid chunk              chunk=0x0-0x7608 handler=elf32 pid=122259
2025-10-29 04:14.28 [debug    ] Ended searching for chunks     all_chunks=[0x0-0x7608] pid=122259
2025-10-29 04:14.28 [debug    ] Found valid chunk              chunk=0x0-0x11ed3c handler=elf32 pid=122258
2025-10-29 04:14.28 [debug    ] Ended searching for chunks     all_chunks=[0x0-0x11ed3c] pid=122258
2025-10-29 04:14.28 [debug    ] Removed inner chunks           outer_chunk_count=1 pid=122259 removed_inner_chunk_count=0
2025-10-29 04:14.28 [debug    ] Removed inner chunks           outer_chunk_count=1 pid=122258 removed_inner_chunk_count=0
2025-10-29 04:14.28 [debug    ] Ignoring special file (link, chrdev, blkdev, fifo, socket, door). path=update.no_header.image_extract/usr/lib/libevent_pthreads-2.1.so.6 pid=122270
2025-10-29 04:14.28 [debug    ] Found valid chunk              chunk=0x0-0x13610 handler=elf32 pid=122271
2025-10-29 04:14.28 [debug    ] Ignoring special file (link, chrdev, blkdev, fifo, socket, door). path=update.no_header.image_extract/usr/lib/libevent.so pid=122263
2025-10-29 04:14.28 [debug    ] Ended searching for chunks     all_chunks=[0x0-0x13610] pid=122271
2025-10-29 04:14.28 [debug    ] Ended searching for chunks     all_chunks=[0x0-0x85e4] pid=122261
2025-10-29 04:14.28 [debug    ] Detected file-magic            magic=ELF 32-bit LSB shared object, ARM, EABI5 version 1\012-  (SYSV), dynamically linked, BuildID[sha1]=ade5a12e7beb7c6e88ad081aea62fa50f5ff91b8, stripped\012- data path=update.no_header.image_extract/usr/lib/libdaemon.so.0.5.0 pid=122264
2025-10-29 04:14.28 [debug    ] Removed inner chunks           outer_chunk_count=1 pid=122271 removed_inner_chunk_count=0
2025-10-29 04:14.28 [debug    ] Ignoring special file (link, chrdev, blkdev, fifo, socket, door). path=update.no_header.image_extract/usr/lib/libaio.so.1 pid=122270
2025-10-29 04:14.28 [debug    ] Removed inner chunks           outer_chunk_count=1 pid=122261 removed_inner_chunk_count=0
2025-10-29 04:14.28 [debug    ] Ignoring special file (link, chrdev, blkdev, fifo, socket, door). path=update.no_header.image_extract/usr/lib/libevent_pthreads.so pid=122263
2025-10-29 04:14.28 [debug    ] Ignoring special file (link, chrdev, blkdev, fifo, socket, door). path=update.no_header.image_extract/usr/lib/libdaemon.so.0 pid=122270
2025-10-29 04:14.28 [debug    ] Processing file                path=update.no_header.image_extract/usr/lib/libdaemon.so.0.5.0 pid=122264 size=0x55f4
2025-10-29 04:14.28 [debug    ] Ignoring special file (link, chrdev, blkdev, fifo, socket, door). path=update.no_header.image_extract/usr/lib/libaio.so pid=122259
2025-10-29 04:14.28 [debug    ] Ignoring special file (link, chrdev, blkdev, fifo, socket, door). path=update.no_header.image_extract/usr/lib/libexpat.so.1 pid=122271
2025-10-29 04:14.28 [debug    ] Ignoring special file (link, chrdev, blkdev, fifo, socket, door). path=update.no_header.image_extract/usr/lib/libevent_core-2.1.so.6 pid=122270
2025-10-29 04:14.28 [debug    ] Calculating chunk for pattern match handler=elf32 pid=122264 real_offset=0x0 start_offset=0x0
2025-10-29 04:14.28 [debug    ] Detected file-magic            magic=ELF 32-bit LSB shared object, ARM, EABI5 version 1\012-  (SYSV), dynamically linked, BuildID[sha1]=f42d8a2d2cca54b9f80baf6081d9ed5581c1a91f, stripped\012- data path=update.no_header.image_extract/usr/lib/libexpat.so.1.6.10 pid=122265
2025-10-29 04:14.28 [debug    ] Ignoring special file (link, chrdev, blkdev, fifo, socket, door). path=update.no_header.image_extract/usr/lib/libdaemon.so pid=122271
2025-10-29 04:14.28 [debug    ] Found valid chunk              chunk=0x0-0x55f4 handler=elf32 pid=122264
2025-10-29 04:14.28 [debug    ] Processing file                path=update.no_header.image_extract/usr/lib/libexpat.so.1.6.10 pid=122265 size=0x2b5d0
2025-10-29 04:14.28 [debug    ] Detected file-magic            magic=ELF 32-bit LSB shared object, ARM, EABI5 version 1\012-  (SYSV), dynamically linked, BuildID[sha1]=775b2e78cfbc9132462258187593b6306d5732bd, stripped\012- data path=update.no_header.image_extract/usr/lib/libevent_extra-2.1.so.6.0.2 pid=122263
2025-10-29 04:14.28 [debug    ] Detected file-magic            magic=ELF 32-bit LSB shared object, ARM, EABI5 version 1\012-  (SYSV), dynamically linked, BuildID[sha1]=e1d0e24fb4ec2dde3cf3f61d8547a267bc3ba850, stripped\012- data path=update.no_header.image_extract/usr/lib/libevent-2.1.so.6.0.2 pid=122260
2025-10-29 04:14.28 [debug    ] Calculating chunk for pattern match handler=elf32 pid=122265 real_offset=0x0 start_offset=0x0
2025-10-29 04:14.28 [debug    ] Detected file-magic            magic=ELF 32-bit LSB shared object, ARM, EABI5 version 1\012-  (SYSV), dynamically linked, BuildID[sha1]=5376c3b76ddcdbd80a98cf3d073bb67e66b826a8, stripped\012- data path=update.no_header.image_extract/usr/lib/libevent_core-2.1.so.6.0.2 pid=122271
2025-10-29 04:14.28 [debug    ] Found valid chunk              chunk=0x0-0x2b5d0 handler=elf32 pid=122265
2025-10-29 04:14.28 [debug    ] Processing file                path=update.no_header.image_extract/usr/lib/libevent_extra-2.1.so.6.0.2 pid=122263 size=0x1b8c8
2025-10-29 04:14.28 [debug    ] Ended searching for chunks     all_chunks=[0x0-0x2b5d0] pid=122265
2025-10-29 04:14.28 [debug    ] Removed inner chunks           outer_chunk_count=1 pid=122265 removed_inner_chunk_count=0
2025-10-29 04:14.28 [debug    ] Calculating chunk for pattern match handler=elf32 pid=122263 real_offset=0x0 start_offset=0x0
2025-10-29 04:14.28 [debug    ] Ignoring special file (link, chrdev, blkdev, fifo, socket, door). path=update.no_header.image_extract/usr/lib/libexpat.so pid=122261
2025-10-29 04:14.28 [debug    ] Processing file                path=update.no_header.image_extract/usr/lib/libevent-2.1.so.6.0.2 pid=122260 size=0x47cd8
2025-10-29 04:14.29 [debug    ] Found valid chunk              chunk=0x0-0x75e4 handler=elf32 pid=122262
2025-10-29 04:14.29 [debug    ] Processing file                path=update.no_header.image_extract/usr/lib/libevent_core-2.1.so.6.0.2 pid=122271 size=0x2ea38
2025-10-29 04:14.29 [debug    ] Found valid chunk              chunk=0x0-0x1b8c8 handler=elf32 pid=122263
2025-10-29 04:14.29 [debug    ] Ignoring special file (link, chrdev, blkdev, fifo, socket, door). path=update.no_header.image_extract/usr/lib/libcrypto.so pid=122261
2025-10-29 04:14.29 [debug    ] Ended searching for chunks     all_chunks=[0x0-0x75e4] pid=122262
2025-10-29 04:14.29 [debug    ] Ignoring special file (link, chrdev, blkdev, fifo, socket, door). path=update.no_header.image_extract/usr/lib/libevent_openssl.so pid=122265
2025-10-29 04:14.29 [debug    ] Ended searching for chunks     all_chunks=[0x0-0x1b8c8] pid=122263
2025-10-29 04:14.29 [debug    ] Found valid chunk              chunk=0x0-0x55d4 handler=elf32 pid=122269
2025-10-29 04:14.28 [debug    ] Ended searching for chunks     all_chunks=[0x0-0x55f4] pid=122264
2025-10-29 04:14.29 [debug    ] Removed inner chunks           outer_chunk_count=1 pid=122263 removed_inner_chunk_count=0
2025-10-29 04:14.29 [debug    ] Removed inner chunks           outer_chunk_count=1 pid=122262 removed_inner_chunk_count=0
2025-10-29 04:14.29 [debug    ] Removed inner chunks           outer_chunk_count=1 pid=122264 removed_inner_chunk_count=0
2025-10-29 04:14.29 [debug    ] Ended searching for chunks     all_chunks=[0x0-0x55d4] pid=122269
2025-10-29 04:14.29 [debug    ] Ignoring special file (link, chrdev, blkdev, fifo, socket, door). path=update.no_header.image_extract/usr/lib/libevent_core.so pid=122261
2025-10-29 04:14.29 [debug    ] Removed inner chunks           outer_chunk_count=1 pid=122269 removed_inner_chunk_count=0
2025-10-29 04:14.29 [debug    ] Calculating chunk for pattern match handler=elf32 pid=122271 real_offset=0x0 start_offset=0x0
2025-10-29 04:14.29 [debug    ] Detected file-magic            magic=ELF 32-bit LSB shared object, ARM, EABI5 version 1\012-  (SYSV), dynamically linked, BuildID[sha1]=c1d44a01a85c467e8c7be084672388fdafeff8e2, stripped\012- data path=update.no_header.image_extract/usr/lib/libcrypto.so.1.1 pid=122270
2025-10-29 04:14.29 [debug    ] Ignoring special file (link, chrdev, blkdev, fifo, socket, door). path=update.no_header.image_extract/usr/lib/libevent_extra-2.1.so.6 pid=122261
2025-10-29 04:14.29 [debug    ] Calculating chunk for pattern match handler=elf32 pid=122260 real_offset=0x0 start_offset=0x0
2025-10-29 04:14.29 [debug    ] Found valid chunk              chunk=0x0-0x2ea38 handler=elf32 pid=122271
2025-10-29 04:14.29 [debug    ] Ignoring special file (link, chrdev, blkdev, fifo, socket, door). path=update.no_header.image_extract/usr/lib/libz.so.1 pid=122261
2025-10-29 04:14.29 [debug    ] Ended searching for chunks     all_chunks=[0x0-0x2ea38] pid=122271
2025-10-29 04:14.29 [debug    ] Calculating chunk for pattern match handler=elf32 pid=122273 real_offset=0x0 start_offset=0x0
2025-10-29 04:14.29 [debug    ] Found valid chunk              chunk=0x0-0x25d4 handler=elf32 pid=122266
2025-10-29 04:14.29 [debug    ] Ignoring special file (link, chrdev, blkdev, fifo, socket, door). path=update.no_header.image_extract/usr/lib/libevent_extra.so pid=122269
2025-10-29 04:14.29 [debug    ] Removed inner chunks           outer_chunk_count=1 pid=122271 removed_inner_chunk_count=0
2025-10-29 04:14.29 [debug    ] Ignoring special file (link, chrdev, blkdev, fifo, socket, door). path=update.no_header.image_extract/usr/lib/libevent_openssl-2.1.so.6 pid=122263
2025-10-29 04:14.29 [debug    ] Ended searching for chunks     all_chunks=[0x0-0x25d4] pid=122266
2025-10-29 04:14.29 [debug    ] Removed inner chunks           outer_chunk_count=1 pid=122266 removed_inner_chunk_count=0
2025-10-29 04:14.29 [debug    ] Found valid chunk              chunk=0x0-0xd720 handler=elf32 pid=122267
2025-10-29 04:14.29 [debug    ] Found valid chunk              chunk=0x0-0x47cd8 handler=elf32 pid=122260
2025-10-29 04:14.29 [debug    ] Detected file-magic            magic=ELF 32-bit LSB shared object, ARM, EABI5 version 1\012-  (SYSV), dynamically linked, BuildID[sha1]=6a65dc5276d7730371bd1f26e2ee6bcdf621b825, stripped\012- data path=update.no_header.image_extract/usr/lib/libevent_pthreads-2.1.so.6.0.2 pid=122264
2025-10-29 04:14.29 [debug    ] Ignoring special file (link, chrdev, blkdev, fifo, socket, door). path=update.no_header.image_extract/usr/bin/basename pid=122269
2025-10-29 04:14.29 [debug    ] Ended searching for chunks     all_chunks=[0x0-0x47cd8] pid=122260
2025-10-29 04:14.29 [debug    ] Ignoring special file (link, chrdev, blkdev, fifo, socket, door). path=update.no_header.image_extract/usr/bin/od pid=122263
2025-10-29 04:14.29 [debug    ] Ended searching for chunks     all_chunks=[0x0-0xd720] pid=122267
2025-10-29 04:14.29 [debug    ] Detected file-magic            magic=ELF 32-bit LSB shared object, ARM, EABI5 version 1\012-  (SYSV), dynamically linked, BuildID[sha1]=9c8a18b7b0d66b5e1bfb96830fca91bb20499a34, stripped\012- data path=update.no_header.image_extract/usr/lib/libaio.so.1.0.1 pid=122262
2025-10-29 04:14.29 [debug    ] Removed inner chunks           outer_chunk_count=1 pid=122260 removed_inner_chunk_count=0
2025-10-29 04:14.29 [debug    ] Removed inner chunks           outer_chunk_count=1 pid=122267 removed_inner_chunk_count=0
2025-10-29 04:14.29 [debug    ] Ignoring special file (link, chrdev, blkdev, fifo, socket, door). path=update.no_header.image_extract/usr/bin/setfattr pid=122269
2025-10-29 04:14.29 [debug    ] Processing file                path=update.no_header.image_extract/usr/lib/libevent_pthreads-2.1.so.6.0.2 pid=122264 size=0x1508
2025-10-29 04:14.29 [debug    ] Ignoring special file (link, chrdev, blkdev, fifo, socket, door). path=update.no_header.image_extract/usr/bin/factor pid=122271
2025-10-29 04:14.29 [debug    ] Processing file                path=update.no_header.image_extract/usr/lib/libaio.so.1.0.1 pid=122262 size=0x14dc
2025-10-29 04:14.29 [debug    ] Calculating chunk for pattern match handler=elf32 pid=122264 real_offset=0x0 start_offset=0x0
2025-10-29 04:14.29 [debug    ] Detected file-magic            magic=ASCII text path=update.no_header.image_extract/usr/lib/os-release pid=122259
2025-10-29 04:14.29 [debug    ] Ignoring special file (link, chrdev, blkdev, fifo, socket, door). path=update.no_header.image_extract/usr/bin/time pid=122266
2025-10-29 04:14.29 [debug    ] Ignoring special file (link, chrdev, blkdev, fifo, socket, door). path=update.no_header.image_extract/usr/bin/md5sum pid=122269
2025-10-29 04:14.29 [debug    ] Ignoring special file (link, chrdev, blkdev, fifo, socket, door). path=update.no_header.image_extract/usr/bin/[ pid=122271
2025-10-29 04:14.29 [debug    ] Calculating chunk for pattern match handler=elf32 pid=122262 real_offset=0x0 start_offset=0x0
2025-10-29 04:14.29 [debug    ] Ignoring special file (link, chrdev, blkdev, fifo, socket, door). path=update.no_header.image_extract/usr/bin/patch pid=122266
2025-10-29 04:14.29 [debug    ] Ignoring special file (link, chrdev, blkdev, fifo, socket, door). path=update.no_header.image_extract/usr/bin/logname pid=122271
2025-10-29 04:14.29 [debug    ] Found valid chunk              chunk=0x0-0x1508 handler=elf32 pid=122264
2025-10-29 04:14.29 [debug    ] Processing file                path=update.no_header.image_extract/usr/lib/os-release pid=122259 size=0x6f
2025-10-29 04:14.29 [debug    ] Ignoring special file (link, chrdev, blkdev, fifo, socket, door). path=update.no_header.image_extract/usr/bin/paste pid=122267
2025-10-29 04:14.29 [debug    ] Ended searching for chunks     all_chunks=[0x0-0x1508] pid=122264
2025-10-29 04:14.29 [debug    ] Detected file-magic            magic=ELF 32-bit LSB shared object, ARM, EABI5 version 1\012-  (SYSV), dynamically linked, BuildID[sha1]=05ac689880b3add2ec3c4c169c6541d56ced5ca2, stripped\012- data path=update.no_header.image_extract/usr/lib/libssl.so.1.1 pid=122261
2025-10-29 04:14.29 [debug    ] Ignoring special file (link, chrdev, blkdev, fifo, socket, door). path=update.no_header.image_extract/usr/bin/tty pid=122271
2025-10-29 04:14.29 [debug    ] Ignoring special file (link, chrdev, blkdev, fifo, socket, door). path=update.no_header.image_extract/usr/bin/nohup pid=122260
2025-10-29 04:14.29 [debug    ] Found valid chunk              chunk=0x0-0x14dc handler=elf32 pid=122262
2025-10-29 04:14.29 [debug    ] Removed inner chunks           outer_chunk_count=1 pid=122264 removed_inner_chunk_count=0
2025-10-29 04:14.29 [debug    ] Ignoring special file (link, chrdev, blkdev, fifo, socket, door). path=update.no_header.image_extract/usr/bin/env pid=122266
2025-10-29 04:14.29 [debug    ] Ended searching for chunks     all_chunks=[] pid=122259
2025-10-29 04:14.29 [debug    ] Ended searching for chunks     all_chunks=[0x0-0x14dc] pid=122262
2025-10-29 04:14.29 [debug    ] Removed inner chunks           outer_chunk_count=1 pid=122262 removed_inner_chunk_count=0
2025-10-29 04:14.29 [debug    ] Ignoring special file (link, chrdev, blkdev, fifo, socket, door). path=update.no_header.image_extract/usr/bin/dirname pid=122267
2025-10-29 04:14.29 [debug    ] Ignoring special file (link, chrdev, blkdev, fifo, socket, door). path=update.no_header.image_extract/usr/bin/realpath pid=122271
2025-10-29 04:14.29 [debug    ] Ignoring special file (link, chrdev, blkdev, fifo, socket, door). path=update.no_header.image_extract/usr/bin/who pid=122260
2025-10-29 04:14.29 [debug    ] Ignoring special file (link, chrdev, blkdev, fifo, socket, door). path=update.no_header.image_extract/usr/bin/test pid=122266
2025-10-29 04:14.29 [debug    ] Ignoring special file (link, chrdev, blkdev, fifo, socket, door). path=update.no_header.image_extract/usr/bin/cryptpw pid=122271
2025-10-29 04:14.29 [debug    ] Ignoring special file (link, chrdev, blkdev, fifo, socket, door). path=update.no_header.image_extract/usr/bin/cksum pid=122259
2025-10-29 04:14.29 [debug    ] Detected file-magic            magic=ELF 32-bit LSB executable, ARM, EABI5 version 1\012-  (SYSV), dynamically linked, interpreter /lib/ld-linux-armhf.so.3, for GNU/Linux 3.2.0, BuildID[sha1]=7a2f27d007ee5dc86f94f14799b007a739a49e33, stripped\012- data path=update.no_header.image_extract/usr/bin/FileParser pid=122263
2025-10-29 04:14.29 [debug    ] Ignoring special file (link, chrdev, blkdev, fifo, socket, door). path=update.no_header.image_extract/usr/bin/unlink pid=122264
2025-10-29 04:14.29 [debug    ] Ignoring special file (link, chrdev, blkdev, fifo, socket, door). path=update.no_header.image_extract/usr/bin/free pid=122266
2025-10-29 04:14.29 [debug    ] Ignoring special file (link, chrdev, blkdev, fifo, socket, door). path=update.no_header.image_extract/usr/bin/bzip2 pid=122271
2025-10-29 04:14.29 [debug    ] Ignoring special file (link, chrdev, blkdev, fifo, socket, door). path=update.no_header.image_extract/usr/bin/passwd pid=122262
2025-10-29 04:14.29 [debug    ] Ignoring special file (link, chrdev, blkdev, fifo, socket, door). path=update.no_header.image_extract/usr/bin/xargs pid=122264
2025-10-29 04:14.29 [debug    ] Ignoring special file (link, chrdev, blkdev, fifo, socket, door). path=update.no_header.image_extract/usr/bin/hostid pid=122259
2025-10-29 04:14.29 [debug    ] Ignoring special file (link, chrdev, blkdev, fifo, socket, door). path=update.no_header.image_extract/usr/bin/head pid=122271
2025-10-29 04:14.29 [debug    ] Ignoring special file (link, chrdev, blkdev, fifo, socket, door). path=update.no_header.image_extract/usr/bin/nc pid=122266
2025-10-29 04:14.29 [debug    ] Processing file                path=update.no_header.image_extract/usr/bin/FileParser pid=122263 size=0x3d68
2025-10-29 04:14.29 [debug    ] Ignoring special file (link, chrdev, blkdev, fifo, socket, door). path=update.no_header.image_extract/usr/bin/expr pid=122271
2025-10-29 04:14.29 [debug    ] Ignoring special file (link, chrdev, blkdev, fifo, socket, door). path=update.no_header.image_extract/usr/bin/fold pid=122264
2025-10-29 04:14.29 [debug    ] Ignoring special file (link, chrdev, blkdev, fifo, socket, door). path=update.no_header.image_extract/usr/bin/yes pid=122262
2025-10-29 04:14.29 [debug    ] Ignoring special file (link, chrdev, blkdev, fifo, socket, door). path=update.no_header.image_extract/usr/bin/nproc pid=122265
2025-10-29 04:14.29 [debug    ] Ignoring special file (link, chrdev, blkdev, fifo, socket, door). path=update.no_header.image_extract/usr/bin/sort pid=122266
2025-10-29 04:14.29 [debug    ] Ignoring special file (link, chrdev, blkdev, fifo, socket, door). path=update.no_header.image_extract/usr/bin/find pid=122271
2025-10-29 04:14.29 [debug    ] Ignoring special file (link, chrdev, blkdev, fifo, socket, door). path=update.no_header.image_extract/usr/bin/awk pid=122267
2025-10-29 04:14.29 [debug    ] Calculating chunk for pattern match handler=elf32 pid=122263 real_offset=0x0 start_offset=0x0
2025-10-29 04:14.29 [debug    ] Ignoring special file (link, chrdev, blkdev, fifo, socket, door). path=update.no_header.image_extract/usr/bin/tail pid=122264
2025-10-29 04:14.29 [debug    ] Ignoring special file (link, chrdev, blkdev, fifo, socket, door). path=update.no_header.image_extract/usr/bin/sha256sum pid=122262
2025-10-29 04:14.29 [debug    ] Ignoring special file (link, chrdev, blkdev, fifo, socket, door). path=update.no_header.image_extract/usr/bin/svok pid=122271
2025-10-29 04:14.29 [debug    ] Ignoring special file (link, chrdev, blkdev, fifo, socket, door). path=update.no_header.image_extract/usr/bin/tee pid=122266
2025-10-29 04:14.29 [debug    ] Ignoring special file (link, chrdev, blkdev, fifo, socket, door). path=update.no_header.image_extract/usr/bin/mesg pid=122265
2025-10-29 04:14.29 [debug    ] Ignoring special file (link, chrdev, blkdev, fifo, socket, door). path=update.no_header.image_extract/usr/bin/less pid=122267
2025-10-29 04:14.29 [debug    ] Ignoring special file (link, chrdev, blkdev, fifo, socket, door). path=update.no_header.image_extract/usr/bin/readlink pid=122264
2025-10-29 04:14.29 [debug    ] Ignoring special file (link, chrdev, blkdev, fifo, socket, door). path=update.no_header.image_extract/usr/bin/truncate pid=122262
2025-10-29 04:14.29 [debug    ] Ignoring special file (link, chrdev, blkdev, fifo, socket, door). path=update.no_header.image_extract/usr/bin/fallocate pid=122266
2025-10-29 04:14.29 [debug    ] Ignoring special file (link, chrdev, blkdev, fifo, socket, door). path=update.no_header.image_extract/usr/bin/diff pid=122271
2025-10-29 04:14.29 [debug    ] Ignoring special file (link, chrdev, blkdev, fifo, socket, door). path=update.no_header.image_extract/usr/bin/cut pid=122265
2025-10-29 04:14.29 [debug    ] Ignoring special file (link, chrdev, blkdev, fifo, socket, door). path=update.no_header.image_extract/usr/bin/tr pid=122267
2025-10-29 04:14.29 [debug    ] Detected file-magic            magic=ELF 32-bit LSB executable, ARM, EABI5 version 1\012-  (SYSV), dynamically linked, interpreter /lib/ld-linux-armhf.so.3, for GNU/Linux 3.2.0, BuildID[sha1]=a4d5be286cd502f06d9b8a6a2a4b1504aad011bd, stripped\012- data path=update.no_header.image_extract/usr/bin/openssl pid=122258
2025-10-29 04:14.29 [debug    ] Ignoring special file (link, chrdev, blkdev, fifo, socket, door). path=update.no_header.image_extract/usr/bin/svc pid=122264
2025-10-29 04:14.29 [debug    ] Ignoring special file (link, chrdev, blkdev, fifo, socket, door). path=update.no_header.image_extract/usr/bin/du pid=122262
2025-10-29 04:14.29 [debug    ] Ignoring special file (link, chrdev, blkdev, fifo, socket, door). path=update.no_header.image_extract/usr/bin/printf pid=122269
2025-10-29 04:14.29 [debug    ] Ignoring special file (link, chrdev, blkdev, fifo, socket, door). path=update.no_header.image_extract/usr/bin/hexdump pid=122266
2025-10-29 04:14.29 [debug    ] Ignoring special file (link, chrdev, blkdev, fifo, socket, door). path=update.no_header.image_extract/usr/bin/id pid=122271
2025-10-29 04:14.29 [debug    ] Ignoring special file (link, chrdev, blkdev, fifo, socket, door). path=update.no_header.image_extract/usr/bin/[[ pid=122265
2025-10-29 04:14.29 [debug    ] Ignoring special file (link, chrdev, blkdev, fifo, socket, door). path=update.no_header.image_extract/usr/bin/which pid=122262
2025-10-29 04:14.29 [debug    ] Ignoring special file (link, chrdev, blkdev, fifo, socket, door). path=update.no_header.image_extract/usr/bin/top pid=122271
2025-10-29 04:14.29 [debug    ] Ignoring special file (link, chrdev, blkdev, fifo, socket, door). path=update.no_header.image_extract/usr/bin/mkfifo pid=122266
2025-10-29 04:14.29 [debug    ] Ignoring special file (link, chrdev, blkdev, fifo, socket, door). path=update.no_header.image_extract/usr/bin/killall pid=122269
2025-10-29 04:14.29 [debug    ] Ignoring special file (link, chrdev, blkdev, fifo, socket, door). path=update.no_header.image_extract/usr/bin/wc pid=122265
2025-10-29 04:14.29 [debug    ] Processing directory           path=update.no_header.image_extract/etc/ssl/private pid=122271
2025-10-29 04:14.29 [debug    ] Ignoring special file (link, chrdev, blkdev, fifo, socket, door). path=update.no_header.image_extract/usr/bin/seq pid=122267
2025-10-29 04:14.29 [debug    ] Processing directory           path=update.no_header.image_extract/etc/ssl/misc pid=122269
2025-10-29 04:14.29 [debug    ] Processing file                path=update.no_header.image_extract/usr/lib/libcrypto.so.1.1 pid=122270 size=0x1ec914
2025-10-29 04:14.29 [debug    ] Processing directory           path=update.no_header.image_extract/etc/ssl/certs pid=122267
2025-10-29 04:14.29 [debug    ] Calculating chunk for pattern match handler=elf32 pid=122270 real_offset=0x0 start_offset=0x0
2025-10-29 04:14.29 [debug    ] Detected file-magic            magic=ELF 32-bit LSB executable, ARM, EABI5 version 1\012-  (SYSV), dynamically linked, interpreter /lib/ld-linux-armhf.so.3, for GNU/Linux 3.2.0, BuildID[sha1]=bb738361d02b203c47af2f83f4e2b742e032db72, stripped\012- data path=update.no_header.image_extract/usr/bin/xmlwf pid=122264
2025-10-29 04:14.29 [debug    ] Found valid chunk              chunk=0x0-0x1ec914 handler=elf32 pid=122270
2025-10-29 04:14.29 [debug    ] Processing file                path=update.no_header.image_extract/usr/bin/xmlwf pid=122264 size=0x5650
2025-10-29 04:14.29 [debug    ] Detected file-magic            magic=ELF 32-bit LSB executable, ARM, EABI5 version 1\012-  (SYSV), dynamically linked, interpreter /lib/ld-linux-armhf.so.3, for GNU/Linux 3.2.0, BuildID[sha1]=6d70767ef2157fdd88815c8dd60bd2b1dc36e8c6, stripped\012- data path=update.no_header.image_extract/usr/bin/netcat pid=122260
2025-10-29 04:14.29 [debug    ] Ended searching for chunks     all_chunks=[0x0-0x1ec914] pid=122270
2025-10-29 04:14.29 [debug    ] Processing file                path=update.no_header.image_extract/usr/bin/openssl pid=122258 size=0x80e4c
2025-10-29 04:14.29 [debug    ] Removed inner chunks           outer_chunk_count=1 pid=122270 removed_inner_chunk_count=0
2025-10-29 04:14.29 [debug    ] Calculating chunk for pattern match handler=elf32 pid=122264 real_offset=0x0 start_offset=0x0
2025-10-29 04:14.29 [debug    ] Calculating chunk for pattern match handler=elf32 pid=122258 real_offset=0x0 start_offset=0x0
2025-10-29 04:14.29 [debug    ] Processing file                path=update.no_header.image_extract/usr/bin/netcat pid=122260 size=0x7654
2025-10-29 04:14.29 [debug    ] Found valid chunk              chunk=0x0-0x3d68 handler=elf32 pid=122263
2025-10-29 04:14.29 [debug    ] Ended searching for chunks     all_chunks=[0x0-0x3d68] pid=122263
2025-10-29 04:14.29 [debug    ] Found valid chunk              chunk=0x0-0x5650 handler=elf32 pid=122264
2025-10-29 04:14.29 [debug    ] Calculating chunk for pattern match handler=elf32 pid=122260 real_offset=0x0 start_offset=0x0
2025-10-29 04:14.29 [debug    ] Ended searching for chunks     all_chunks=[0x0-0x5650] pid=122264
2025-10-29 04:14.29 [debug    ] Removed inner chunks           outer_chunk_count=1 pid=122263 removed_inner_chunk_count=0
2025-10-29 04:14.29 [debug    ] Removed inner chunks           outer_chunk_count=1 pid=122264 removed_inner_chunk_count=0
2025-10-29 04:14.29 [debug    ] Found valid chunk              chunk=0x0-0x80e4c handler=elf32 pid=122258
2025-10-29 04:14.29 [debug    ] Processing file                path=update.no_header.image_extract/usr/lib/libssl.so.1.1 pid=122261 size=0x698c0
2025-10-29 04:14.29 [debug    ] Ended searching for chunks     all_chunks=[0x0-0x80e4c] pid=122258
2025-10-29 04:14.29 [debug    ] Removed inner chunks           outer_chunk_count=1 pid=122258 removed_inner_chunk_count=0
2025-10-29 04:14.29 [debug    ] Found valid chunk              chunk=0x0-0x7654 handler=elf32 pid=122260
2025-10-29 04:14.29 [debug    ] Calculating chunk for pattern match handler=elf32 pid=122261 real_offset=0x0 start_offset=0x0
2025-10-29 04:14.29 [debug    ] Ended searching for chunks     all_chunks=[0x0-0x7654] pid=122260
2025-10-29 04:14.29 [debug    ] Detected file-magic            magic=POSIX shell script text executable\012- a /bin/sh script, ASCII text executable path=update.no_header.image_extract/etc/init.d/rcS pid=122259
2025-10-29 04:14.29 [debug    ] Removed inner chunks           outer_chunk_count=1 pid=122260 removed_inner_chunk_count=0
2025-10-29 04:14.29 [debug    ] Found valid chunk              chunk=0x0-0x698c0 handler=elf32 pid=122261
2025-10-29 04:14.29 [debug    ] Ended searching for chunks     all_chunks=[0x0-0x698c0] pid=122261
2025-10-29 04:14.29 [debug    ] Removed inner chunks           outer_chunk_count=1 pid=122261 removed_inner_chunk_count=0
2025-10-29 04:14.29 [debug    ] Processing file                path=update.no_header.image_extract/etc/init.d/rcS pid=122259 size=0x197
2025-10-29 04:14.29 [debug    ] Detected file-magic            magic=POSIX shell script text executable\012- a /bin/sh script, ASCII text executable path=update.no_header.image_extract/etc/init.d/rcK pid=122264
2025-10-29 04:14.29 [debug    ] Detected file-magic            magic=ASCII text path=update.no_header.image_extract/etc/ssl/ct_log_list.cnf pid=122265
2025-10-29 04:14.29 [debug    ] Detected file-magic            magic=ASCII text path=update.no_header.image_extract/etc/ssl/ct_log_list.cnf.dist pid=122271
2025-10-29 04:14.29 [debug    ] Ended searching for chunks     all_chunks=[] pid=122259
2025-10-29 04:14.29 [debug    ] Processing file                path=update.no_header.image_extract/etc/ssl/ct_log_list.cnf pid=122265 size=0x19c
2025-10-29 04:14.29 [debug    ] Processing file                path=update.no_header.image_extract/etc/init.d/rcK pid=122264 size=0x1a7
2025-10-29 04:14.29 [debug    ] Processing file                path=update.no_header.image_extract/etc/ssl/ct_log_list.cnf.dist pid=122271 size=0x19c
2025-10-29 04:14.29 [debug    ] Ended searching for chunks     all_chunks=[] pid=122265
2025-10-29 04:14.29 [debug    ] Ended searching for chunks     all_chunks=[] pid=122264
2025-10-29 04:14.29 [debug    ] Ended searching for chunks     all_chunks=[] pid=122271
2025-10-29 04:14.29 [debug    ] Detected file-magic            magic=POSIX shell script text executable\012- a /bin/sh -e script, ASCII text executable path=update.no_header.image_extract/etc/init.d/Update.sh pid=122269
2025-10-29 04:14.29 [debug    ] Processing directory           path=update.no_header.image_extract/etc/udhcpc/default.script.d pid=122265
2025-10-29 04:14.29 [debug    ] Detected file-magic            magic=POSIX shell script text executable\012- a /bin/sh script, ASCII text executable path=update.no_header.image_extract/etc/init.d/S01syslogd pid=122258
2025-10-29 04:14.29 [debug    ] Detected file-magic            magic=POSIX shell script text executable\012- a /bin/sh script, ASCII text executable path=update.no_header.image_extract/etc/init.d/S20urandom pid=122267
2025-10-29 04:14.29 [debug    ] Processing file                path=update.no_header.image_extract/etc/init.d/Update.sh pid=122269 size=0x16df
2025-10-29 04:14.29 [debug    ] Ended searching for chunks     all_chunks=[] pid=122269
2025-10-29 04:14.29 [debug    ] Processing file                path=update.no_header.image_extract/etc/init.d/S01syslogd pid=122258 size=0x3f4
2025-10-29 04:14.29 [debug    ] Ended searching for chunks     all_chunks=[] pid=122258
2025-10-29 04:14.29 [debug    ] Detected file-magic            magic=ASCII text path=update.no_header.image_extract/etc/profile.d/umask.sh pid=122264
2025-10-29 04:14.29 [debug    ] Processing file                path=update.no_header.image_extract/etc/init.d/S20urandom pid=122267 size=0x4f8
2025-10-29 04:14.29 [debug    ] Ended searching for chunks     all_chunks=[] pid=122267
2025-10-29 04:14.29 [debug    ] Detected file-magic            magic=POSIX shell script text executable\012- a /bin/sh script, ASCII text executable path=update.no_header.image_extract/etc/udhcpc/default.script pid=122259
2025-10-29 04:14.29 [debug    ] Processing file                path=update.no_header.image_extract/etc/profile.d/umask.sh pid=122264 size=0xa
2025-10-29 04:14.29 [debug    ] Ended searching for chunks     all_chunks=[] pid=122264
2025-10-29 04:14.29 [debug    ] Processing file                path=update.no_header.image_extract/etc/udhcpc/default.script pid=122259 size=0x783
2025-10-29 04:14.29 [debug    ] Ended searching for chunks     all_chunks=[] pid=122259
2025-10-29 04:14.29 [debug    ] Detected file-magic            magic=ASCII text path=update.no_header.image_extract/etc/ssl/openssl.cnf pid=122262
2025-10-29 04:14.29 [debug    ] Found valid chunk              chunk=0x0-0x4640 handler=elf32 pid=122273
2025-10-29 04:14.29 [debug    ] Ended searching for chunks     all_chunks=[0x0-0x4640] pid=122273
2025-10-29 04:14.29 [debug    ] Removed inner chunks           outer_chunk_count=1 pid=122273 removed_inner_chunk_count=0
2025-10-29 04:14.29 [debug    ] Processing file                path=update.no_header.image_extract/etc/ssl/openssl.cnf pid=122262 size=0x2a9d
2025-10-29 04:14.29 [debug    ] Detected file-magic            magic=POSIX shell script text executable\012- a /bin/sh script, ASCII text executable path=update.no_header.image_extract/etc/init.d/S37bitmainer_setup pid=122260
2025-10-29 04:14.29 [debug    ] Ended searching for chunks     all_chunks=[] pid=122262
2025-10-29 04:14.29 [debug    ] Processing file                path=update.no_header.image_extract/etc/init.d/S37bitmainer_setup pid=122260 size=0xd92
2025-10-29 04:14.29 [debug    ] Ended searching for chunks     all_chunks=[] pid=122260
2025-10-29 04:14.29 [debug    ] Detected file-magic            magic=ASCII text path=update.no_header.image_extract/etc/ssl/openssl.cnf.dist pid=122266
2025-10-29 04:14.29 [debug    ] Processing file                path=update.no_header.image_extract/etc/ssl/openssl.cnf.dist pid=122266 size=0x2a9d
2025-10-29 04:14.29 [debug    ] Ended searching for chunks     all_chunks=[] pid=122266
2025-10-29 04:14.29 [debug    ] Detected file-magic            magic=Perl script text executable\012- a /usr/bin/perl script, ASCII text executable path=update.no_header.image_extract/etc/ssl/misc/tsget.pl pid=122271
2025-10-29 04:14.29 [debug    ] Processing file                path=update.no_header.image_extract/etc/ssl/misc/tsget.pl pid=122271 size=0x19af
2025-10-29 04:14.29 [debug    ] Ended searching for chunks     all_chunks=[] pid=122271
2025-10-29 04:14.29 [debug    ] Calculating chunk for pattern match handler=elf32 pid=122272 real_offset=0x0 start_offset=0x0
2025-10-29 04:14.29 [debug    ] Found valid chunk              chunk=0x0-0x5510 handler=elf32 pid=122272
2025-10-29 04:14.29 [debug    ] Ended searching for chunks     all_chunks=[0x0-0x5510] pid=122272
2025-10-29 04:14.29 [debug    ] Removed inner chunks           outer_chunk_count=1 pid=122272 removed_inner_chunk_count=0
2025-10-29 04:14.29 [debug    ] Calculating chunk for pattern match handler=elf32 pid=122268 real_offset=0x0 start_offset=0x0
2025-10-29 04:14.29 [debug    ] Found valid chunk              chunk=0x0-0x1df80 handler=elf32 pid=122268
2025-10-29 04:14.29 [debug    ] Ended searching for chunks     all_chunks=[0x0-0x1df80] pid=122268
2025-10-29 04:14.29 [debug    ] Removed inner chunks           outer_chunk_count=1 pid=122268 removed_inner_chunk_count=0
